Archive member included to satisfy reference by file (symbol)

c:/program files (x86)/atollic/truestudio for stm32 9.3.0/armtools/bin/../lib/gcc/arm-atollic-eabi/6.3.1/../../../../arm-atollic-eabi/lib/armv7e-m/fpu\libc.a(lib_a-atoi.o)
                              Source\Message\Message.o (atoi)
c:/program files (x86)/atollic/truestudio for stm32 9.3.0/armtools/bin/../lib/gcc/arm-atollic-eabi/6.3.1/../../../../arm-atollic-eabi/lib/armv7e-m/fpu\libc.a(lib_a-errno.o)
                              Source\syscalls.o (__errno)
c:/program files (x86)/atollic/truestudio for stm32 9.3.0/armtools/bin/../lib/gcc/arm-atollic-eabi/6.3.1/../../../../arm-atollic-eabi/lib/armv7e-m/fpu\libc.a(lib_a-impure.o)
                              c:/program files (x86)/atollic/truestudio for stm32 9.3.0/armtools/bin/../lib/gcc/arm-atollic-eabi/6.3.1/../../../../arm-atollic-eabi/lib/armv7e-m/fpu\libc.a(lib_a-errno.o) (_impure_ptr)
c:/program files (x86)/atollic/truestudio for stm32 9.3.0/armtools/bin/../lib/gcc/arm-atollic-eabi/6.3.1/../../../../arm-atollic-eabi/lib/armv7e-m/fpu\libc.a(lib_a-init.o)
                              startup\startup_stm32l471xx.o (__libc_init_array)
c:/program files (x86)/atollic/truestudio for stm32 9.3.0/armtools/bin/../lib/gcc/arm-atollic-eabi/6.3.1/../../../../arm-atollic-eabi/lib/armv7e-m/fpu\libc.a(lib_a-malloc.o)
                              Source\Message\EDC.o (malloc)
c:/program files (x86)/atollic/truestudio for stm32 9.3.0/armtools/bin/../lib/gcc/arm-atollic-eabi/6.3.1/../../../../arm-atollic-eabi/lib/armv7e-m/fpu\libc.a(lib_a-mallocr.o)
                              c:/program files (x86)/atollic/truestudio for stm32 9.3.0/armtools/bin/../lib/gcc/arm-atollic-eabi/6.3.1/../../../../arm-atollic-eabi/lib/armv7e-m/fpu\libc.a(lib_a-malloc.o) (_malloc_r)
c:/program files (x86)/atollic/truestudio for stm32 9.3.0/armtools/bin/../lib/gcc/arm-atollic-eabi/6.3.1/../../../../arm-atollic-eabi/lib/armv7e-m/fpu\libc.a(lib_a-memcpy-stub.o)
                              Middlewares\Third_Party\FreeRTOS\Source\queue.o (memcpy)
c:/program files (x86)/atollic/truestudio for stm32 9.3.0/armtools/bin/../lib/gcc/arm-atollic-eabi/6.3.1/../../../../arm-atollic-eabi/lib/armv7e-m/fpu\libc.a(lib_a-memset.o)
                              Middlewares\Third_Party\FreeRTOS\Source\stream_buffer.o (memset)
c:/program files (x86)/atollic/truestudio for stm32 9.3.0/armtools/bin/../lib/gcc/arm-atollic-eabi/6.3.1/../../../../arm-atollic-eabi/lib/armv7e-m/fpu\libc.a(lib_a-mlock.o)
                              c:/program files (x86)/atollic/truestudio for stm32 9.3.0/armtools/bin/../lib/gcc/arm-atollic-eabi/6.3.1/../../../../arm-atollic-eabi/lib/armv7e-m/fpu\libc.a(lib_a-mallocr.o) (__malloc_lock)
c:/program files (x86)/atollic/truestudio for stm32 9.3.0/armtools/bin/../lib/gcc/arm-atollic-eabi/6.3.1/../../../../arm-atollic-eabi/lib/armv7e-m/fpu\libc.a(lib_a-printf.o)
                              Source\Device\Flash\Flash.o (printf)
c:/program files (x86)/atollic/truestudio for stm32 9.3.0/armtools/bin/../lib/gcc/arm-atollic-eabi/6.3.1/../../../../arm-atollic-eabi/lib/armv7e-m/fpu\libc.a(lib_a-puts.o)
                              Source\Device\Flash\Flash.o (puts)
c:/program files (x86)/atollic/truestudio for stm32 9.3.0/armtools/bin/../lib/gcc/arm-atollic-eabi/6.3.1/../../../../arm-atollic-eabi/lib/armv7e-m/fpu\libc.a(lib_a-sbrkr.o)
                              c:/program files (x86)/atollic/truestudio for stm32 9.3.0/armtools/bin/../lib/gcc/arm-atollic-eabi/6.3.1/../../../../arm-atollic-eabi/lib/armv7e-m/fpu\libc.a(lib_a-mallocr.o) (_sbrk_r)
c:/program files (x86)/atollic/truestudio for stm32 9.3.0/armtools/bin/../lib/gcc/arm-atollic-eabi/6.3.1/../../../../arm-atollic-eabi/lib/armv7e-m/fpu\libc.a(lib_a-sprintf.o)
                              Source\Message\Message.o (sprintf)
c:/program files (x86)/atollic/truestudio for stm32 9.3.0/armtools/bin/../lib/gcc/arm-atollic-eabi/6.3.1/../../../../arm-atollic-eabi/lib/armv7e-m/fpu\libc.a(lib_a-strcmp.o)
                              Source\Message\Message.o (strcmp)
c:/program files (x86)/atollic/truestudio for stm32 9.3.0/armtools/bin/../lib/gcc/arm-atollic-eabi/6.3.1/../../../../arm-atollic-eabi/lib/armv7e-m/fpu\libc.a(lib_a-strcpy.o)
                              Source\Message\Message.o (strcpy)
c:/program files (x86)/atollic/truestudio for stm32 9.3.0/armtools/bin/../lib/gcc/arm-atollic-eabi/6.3.1/../../../../arm-atollic-eabi/lib/armv7e-m/fpu\libc.a(lib_a-strlen.o)
                              Source\Message\Parse.o (strlen)
c:/program files (x86)/atollic/truestudio for stm32 9.3.0/armtools/bin/../lib/gcc/arm-atollic-eabi/6.3.1/../../../../arm-atollic-eabi/lib/armv7e-m/fpu\libc.a(lib_a-strtol.o)
                              c:/program files (x86)/atollic/truestudio for stm32 9.3.0/armtools/bin/../lib/gcc/arm-atollic-eabi/6.3.1/../../../../arm-atollic-eabi/lib/armv7e-m/fpu\libc.a(lib_a-atoi.o) (_strtol_r)
[...]
Memory Configuration

Name             Origin             Length             Attributes
RAM              0x20000000         0x00018000         xrw
RAM2             0x10000000         0x00008000         xrw
FLASH            0x08000000         0x00080000         xr
*default*        0x00000000         0xffffffff

Linker script and memory map

LOAD c:/program files (x86)/atollic/truestudio for stm32 9.3.0/armtools/bin/../lib/gcc/arm-atollic-eabi/6.3.1/armv7e-m/fpu/crti.o
LOAD c:/program files (x86)/atollic/truestudio for stm32 9.3.0/armtools/bin/../lib/gcc/arm-atollic-eabi/6.3.1/armv7e-m/fpu/crtbegin.o
LOAD Drivers\STM32L4xx_HAL_Driver\Src\stm32l4xx_hal.o
LOAD Drivers\STM32L4xx_HAL_Driver\Src\stm32l4xx_hal_adc.o
LOAD Drivers\STM32L4xx_HAL_Driver\Src\stm32l4xx_hal_adc_ex.o
LOAD Drivers\STM32L4xx_HAL_Driver\Src\stm32l4xx_hal_cortex.o
LOAD Drivers\STM32L4xx_HAL_Driver\Src\stm32l4xx_hal_dma.o
LOAD Drivers\STM32L4xx_HAL_Driver\Src\stm32l4xx_hal_dma_ex.o
LOAD Drivers\STM32L4xx_HAL_Driver\Src\stm32l4xx_hal_flash.o
LOAD Drivers\STM32L4xx_HAL_Driver\Src\stm32l4xx_hal_flash_ex.o
LOAD Drivers\STM32L4xx_HAL_Driver\Src\stm32l4xx_hal_flash_ramfunc.o
LOAD Drivers\STM32L4xx_HAL_Driver\Src\stm32l4xx_hal_gpio.o
LOAD Drivers\STM32L4xx_HAL_Driver\Src\stm32l4xx_hal_i2c.o
LOAD Drivers\STM32L4xx_HAL_Driver\Src\stm32l4xx_hal_i2c_ex.o
LOAD Drivers\STM32L4xx_HAL_Driver\Src\stm32l4xx_hal_pwr.o
LOAD Drivers\STM32L4xx_HAL_Driver\Src\stm32l4xx_hal_pwr_ex.o
LOAD Drivers\STM32L4xx_HAL_Driver\Src\stm32l4xx_hal_rcc.o
LOAD Drivers\STM32L4xx_HAL_Driver\Src\stm32l4xx_hal_rcc_ex.o
LOAD Drivers\STM32L4xx_HAL_Driver\Src\stm32l4xx_hal_spi.o
LOAD Drivers\STM32L4xx_HAL_Driver\Src\stm32l4xx_hal_spi_ex.o
LOAD Drivers\STM32L4xx_HAL_Driver\Src\stm32l4xx_hal_tim.o
LOAD Drivers\STM32L4xx_HAL_Driver\Src\stm32l4xx_hal_tim_ex.o
LOAD Drivers\STM32L4xx_HAL_Driver\Src\stm32l4xx_hal_uart.o
LOAD Drivers\STM32L4xx_HAL_Driver\Src\stm32l4xx_hal_uart_ex.o
LOAD Middlewares\Third_Party\FreeRTOS\Source\CMSIS_RTOS\cmsis_os.o
LOAD Middlewares\Third_Party\FreeRTOS\Source\croutine.o
LOAD Middlewares\Third_Party\FreeRTOS\Source\event_groups.o
LOAD Middlewares\Third_Party\FreeRTOS\Source\list.o
LOAD Middlewares\Third_Party\FreeRTOS\Source\portable\GCC\ARM_CM4F\port.o
LOAD Middlewares\Third_Party\FreeRTOS\Source\portable\MemMang\heap_4.o
LOAD Middlewares\Third_Party\FreeRTOS\Source\queue.o
LOAD Middlewares\Third_Party\FreeRTOS\Source\stream_buffer.o
LOAD Middlewares\Third_Party\FreeRTOS\Source\tasks.o
LOAD Middlewares\Third_Party\FreeRTOS\Source\timers.o
LOAD Source\Device\Flash\Flash.o
LOAD Source\Device\Flash\HW_Flash_Driver.o
LOAD Source\Device\Flash\W25Q64JVS.o
LOAD Source\Device\Lora\HW_Lora_Driver.o
LOAD Source\Device\Lora\Lora.o
LOAD Source\Device\Lora\SX1278.o
LOAD Source\IOControl.o
LOAD Source\Interface\ADC.o
LOAD Source\Interface\GPIO.o
LOAD Source\Interface\I2C.o
LOAD Source\Interface\SPI.o
LOAD Source\Interface\Uart.o
LOAD Source\Message\EDC.o
LOAD Source\Message\Message.o
LOAD Source\Message\Parse.o
LOAD Source\Sensor\Device\BH1750.o
LOAD Source\Sensor\Device\SHT1x.o
LOAD Source\Sensor\SS_EC.o
LOAD Source\Sensor\SS_Light.o
LOAD Source\Sensor\SS_PH.o
LOAD Source\Sensor\SS_THAir.o
LOAD Source\Sensor\SS_THSoil.o
LOAD Source\Task\LoraTask.o
LOAD Source\Task\OTATask.o
LOAD Source\Task\ProcessTask.o
LOAD Source\Task\SensorTask.o
LOAD Source\fileData.o
LOAD Source\freertos.o
LOAD Source\main.o
LOAD Source\stm32l4xx_hal_msp.o
LOAD Source\stm32l4xx_it.o
LOAD Source\syscalls.o
LOAD Source\system_stm32l4xx.o
LOAD startup\startup_stm32l471xx.o
                0x00000080                malloc_getpagesize_P = 0x80
START GROUP
LOAD c:/program files (x86)/atollic/truestudio for stm32 9.3.0/armtools/bin/../lib/gcc/arm-atollic-eabi/6.3.1/../../../../arm-atollic-eabi/lib/armv7e-m/fpu\libc.a
LOAD c:/program files (x86)/atollic/truestudio for stm32 9.3.0/armtools/bin/../lib/gcc/arm-atollic-eabi/6.3.1/../../../../arm-atollic-eabi/lib/armv7e-m/fpu\libm.a
END GROUP
START GROUP
LOAD c:/program files (x86)/atollic/truestudio for stm32 9.3.0/armtools/bin/../lib/gcc/arm-atollic-eabi/6.3.1/armv7e-m/fpu\libgcc.a
LOAD c:/program files (x86)/atollic/truestudio for stm32 9.3.0/armtools/bin/../lib/gcc/arm-atollic-eabi/6.3.1/../../../../arm-atollic-eabi/lib/armv7e-m/fpu\libc.a
END GROUP
START GROUP
LOAD c:/program files (x86)/atollic/truestudio for stm32 9.3.0/armtools/bin/../lib/gcc/arm-atollic-eabi/6.3.1/armv7e-m/fpu\libgcc.a
LOAD c:/program files (x86)/atollic/truestudio for stm32 9.3.0/armtools/bin/../lib/gcc/arm-atollic-eabi/6.3.1/../../../../arm-atollic-eabi/lib/armv7e-m/fpu\libc.a
LOAD c:/program files (x86)/atollic/truestudio for stm32 9.3.0/armtools/bin/../lib/gcc/arm-atollic-eabi/6.3.1/../../../../arm-atollic-eabi/lib/armv7e-m/fpu\libnosys.a
END GROUP
LOAD c:/program files (x86)/atollic/truestudio for stm32 9.3.0/armtools/bin/../lib/gcc/arm-atollic-eabi/6.3.1/armv7e-m/fpu/crtend.o
LOAD c:/program files (x86)/atollic/truestudio for stm32 9.3.0/armtools/bin/../lib/gcc/arm-atollic-eabi/6.3.1/armv7e-m/fpu/crtn.o
                0x20018000                _estack = 0x20018000
                0x00000200                _Min_Heap_Size = 0x200
                0x00000400                _Min_Stack_Size = 0x400

.isr_vector     0x08000000      0x188
                0x08000000                . = ALIGN (0x4)
 *(.isr_vector)
 .isr_vector    0x08000000      0x188 startup\startup_stm32l471xx.o
                0x08000000                g_pfnVectors
                0x08000188                . = ALIGN (0x4)

.text           0x08000190     0xc350
                0x08000190                . = ALIGN (0x4)
 *(.text)
 .text          0x08000190       0x40 c:/program files (x86)/atollic/truestudio for stm32 9.3.0/armtools/bin/../lib/gcc/arm-atollic-eabi/6.3.1/armv7e-m/fpu/crtbegin.o
 .text          0x080001d0       0x14 c:/program files (x86)/atollic/truestudio for stm32 9.3.0/armtools/bin/../lib/gcc/arm-atollic-eabi/6.3.1/../../../../arm-atollic-eabi/lib/armv7e-m/fpu\libc.a(lib_a-strcmp.o)
                0x080001d0                strcmp
 .text          0x080001e4       0x10 c:/program files (x86)/atollic/truestudio for stm32 9.3.0/armtools/bin/../lib/gcc/arm-atollic-eabi/6.3.1/../../../../arm-atollic-eabi/lib/armv7e-m/fpu\libc.a(lib_a-strlen.o)
                0x080001e4                strlen
 *fill*         0x080001f4        0xc 
 .text          0x08000200       0xa0 c:/program files (x86)/atollic/truestudio for stm32 9.3.0/armtools/bin/../lib/gcc/arm-atollic-eabi/6.3.1/../../../../arm-atollic-eabi/lib/armv7e-m/fpu\libc.a(lib_a-memchr.o)
                0x08000200                memchr
 .text          0x080002a0      0x370 c:/program files (x86)/atollic/truestudio for stm32 9.3.0/armtools/bin/../lib/gcc/arm-atollic-eabi/6.3.1/armv7e-m/fpu\libgcc.a(_arm_addsubdf3.o)
                0x080002a0                __aeabi_drsub
                0x080002a8                __aeabi_dsub
                0x080002a8                __subdf3
                0x080002ac                __aeabi_dadd
                0x080002ac                __adddf3
                0x08000524                __floatunsidf
                0x08000524                __aeabi_ui2d
                0x08000544                __floatsidf
                0x08000544                __aeabi_i2d
                0x08000568                __aeabi_f2d
                0x08000568                __extendsfdf2
                0x080005a4                __floatundidf
                0x080005a4                __aeabi_ul2d
                0x080005b4                __floatdidf
                0x080005b4                __aeabi_l2d
 .text          0x08000610      0x424 c:/program files (x86)/atollic/truestudio for stm32 9.3.0/armtools/bin/../lib/gcc/arm-atollic-eabi/6.3.1/armv7e-m/fpu\libgcc.a(_arm_muldivdf3.o)
                0x08000610                __aeabi_dmul
                0x08000610                __muldf3
                0x08000864                __divdf3
                0x08000864                __aeabi_ddiv
 .text          0x08000a34      0x110 c:/program files (x86)/atollic/truestudio for stm32 9.3.0/armtools/bin/../lib/gcc/arm-atollic-eabi/6.3.1/armv7e-m/fpu\libgcc.a(_arm_cmpdf2.o)
                0x08000a34                __gtdf2
                0x08000a34                __gedf2
                0x08000a3c                __ltdf2
                0x08000a3c                __ledf2
                0x08000a44                __nedf2
                0x08000a44                __eqdf2
                0x08000a44                __cmpdf2
                0x08000ac0                __aeabi_cdrcmple
                0x08000ad0                __aeabi_cdcmpeq
                0x08000ad0                __aeabi_cdcmple
                0x08000ae0                __aeabi_dcmpeq
                0x08000af4                __aeabi_dcmplt
                0x08000b08                __aeabi_dcmple
                0x08000b1c                __aeabi_dcmpge
                0x08000b30                __aeabi_dcmpgt
 .text          0x08000b44       0x2c c:/program files (x86)/atollic/truestudio for stm32 9.3.0/armtools/bin/../lib/gcc/arm-atollic-eabi/6.3.1/armv7e-m/fpu\libgcc.a(_arm_unorddf2.o)
                0x08000b44                __unorddf2
                0x08000b44                __aeabi_dcmpun
 .text          0x08000b70       0x50 c:/program files (x86)/atollic/truestudio for stm32 9.3.0/armtools/bin/../lib/gcc/arm-atollic-eabi/6.3.1/armv7e-m/fpu\libgcc.a(_arm_fixdfsi.o)
                0x08000b70                __aeabi_d2iz
                0x08000b70                __fixdfsi
 .text          0x08000bc0       0xa0 c:/program files (x86)/atollic/truestudio for stm32 9.3.0/armtools/bin/../lib/gcc/arm-atollic-eabi/6.3.1/armv7e-m/fpu\libgcc.a(_arm_truncdfsf2.o)
                0x08000bc0                __truncdfsf2
                0x08000bc0                __aeabi_d2f
 .text          0x08000c60       0x30 c:/program files (x86)/atollic/truestudio for stm32 9.3.0/armtools/bin/../lib/gcc/arm-atollic-eabi/6.3.1/armv7e-m/fpu\libgcc.a(_aeabi_uldivmod.o)
                0x08000c60                __aeabi_uldivmod
 .text          0x08000c90      0x2dc c:/program files (x86)/atollic/truestudio for stm32 9.3.0/armtools/bin/../lib/gcc/arm-atollic-eabi/6.3.1/armv7e-m/fpu\libgcc.a(_udivmoddi4.o)
                0x08000c90                __udivmoddi4
 .text          0x08000f6c        0x4 c:/program files (x86)/atollic/truestudio for stm32 9.3.0/armtools/bin/../lib/gcc/arm-atollic-eabi/6.3.1/armv7e-m/fpu\libgcc.a(_dvmd_tls.o)
                0x08000f6c                __aeabi_idiv0
                0x08000f6c                __aeabi_ldiv0
 *(.text*)
 .text.HAL_InitTick
                0x08000f70       0x30 Drivers\STM32L4xx_HAL_Driver\Src\stm32l4xx_hal.o
                0x08000f70                HAL_InitTick
 .text.HAL_Init
                0x08000fa0       0x1e Drivers\STM32L4xx_HAL_Driver\Src\stm32l4xx_hal.o
                0x08000fa0                HAL_Init
 *fill*         0x08000fbe        0x2 
 .text.HAL_IncTick
                0x08000fc0       0x10 Drivers\STM32L4xx_HAL_Driver\Src\stm32l4xx_hal.o
                0x08000fc0                HAL_IncTick
 .text.HAL_GetTick
                0x08000fd0        0xc Drivers\STM32L4xx_HAL_Driver\Src\stm32l4xx_hal.o
                0x08000fd0                HAL_GetTick
 .text.HAL_Delay
                0x08000fdc       0x1c Drivers\STM32L4xx_HAL_Driver\Src\stm32l4xx_hal.o
                0x08000fdc                HAL_Delay
 .text.HAL_GetUIDw0
                0x08000ff8        0xc Drivers\STM32L4xx_HAL_Driver\Src\stm32l4xx_hal.o
                0x08000ff8                HAL_GetUIDw0
 .text.HAL_GetUIDw1
                0x08001004        0xc Drivers\STM32L4xx_HAL_Driver\Src\stm32l4xx_hal.o
                0x08001004                HAL_GetUIDw1
 .text.HAL_GetUIDw2
                0x08001010        0xc Drivers\STM32L4xx_HAL_Driver\Src\stm32l4xx_hal.o
                0x08001010                HAL_GetUIDw2
 .text.LL_ADC_SetChannelSamplingTime
                0x0800101c       0x24 Drivers\STM32L4xx_HAL_Driver\Src\stm32l4xx_hal_adc.o
 .text.LL_ADC_IsEnabled
                0x08001040        0x8 Drivers\STM32L4xx_HAL_Driver\Src\stm32l4xx_hal_adc.o
 .text.LL_ADC_REG_IsConversionOngoing
                0x08001048        0x8 Drivers\STM32L4xx_HAL_Driver\Src\stm32l4xx_hal_adc.o
 .text.HAL_ADC_Init
                0x08001050      0x1c0 Drivers\STM32L4xx_HAL_Driver\Src\stm32l4xx_hal_adc.o
                0x08001050                HAL_ADC_Init
 .text.HAL_ADC_PollForConversion
                0x08001210       0xf0 Drivers\STM32L4xx_HAL_Driver\Src\stm32l4xx_hal_adc.o
                0x08001210                HAL_ADC_PollForConversion
 .text.HAL_ADC_GetValue
                0x08001300        0x6 Drivers\STM32L4xx_HAL_Driver\Src\stm32l4xx_hal_adc.o
                0x08001300                HAL_ADC_GetValue
 *fill*         0x08001306        0x2 
 .text.HAL_ADC_ConfigChannel
                0x08001308      0x3c4 Drivers\STM32L4xx_HAL_Driver\Src\stm32l4xx_hal_adc.o
                0x08001308                HAL_ADC_ConfigChannel
 .text.HAL_ADC_GetState
                0x080016cc        0x4 Drivers\STM32L4xx_HAL_Driver\Src\stm32l4xx_hal_adc.o
                0x080016cc                HAL_ADC_GetState
 .text.ADC_ConversionStop
                0x080016d0       0xcc Drivers\STM32L4xx_HAL_Driver\Src\stm32l4xx_hal_adc.o
                0x080016d0                ADC_ConversionStop
 .text.ADC_Enable
                0x0800179c       0x70 Drivers\STM32L4xx_HAL_Driver\Src\stm32l4xx_hal_adc.o
                0x0800179c                ADC_Enable
 .text.HAL_ADC_Start
                0x0800180c       0xe4 Drivers\STM32L4xx_HAL_Driver\Src\stm32l4xx_hal_adc.o
                0x0800180c                HAL_ADC_Start
 .text.ADC_Disable
                0x080018f0       0x66 Drivers\STM32L4xx_HAL_Driver\Src\stm32l4xx_hal_adc.o
                0x080018f0                ADC_Disable
 .text.HAL_ADC_Stop
                0x08001956       0x3e Drivers\STM32L4xx_HAL_Driver\Src\stm32l4xx_hal_adc.o
                0x08001956                HAL_ADC_Stop
 .text.HAL_ADCEx_Calibration_Start
                0x08001994       0x90 Drivers\STM32L4xx_HAL_Driver\Src\stm32l4xx_hal_adc_ex.o
                0x08001994                HAL_ADCEx_Calibration_Start
 .text.HAL_NVIC_SetPriorityGrouping
                0x08001a24       0x24 Drivers\STM32L4xx_HAL_Driver\Src\stm32l4xx_hal_cortex.o
                0x08001a24                HAL_NVIC_SetPriorityGrouping
 .text.HAL_NVIC_SetPriority
                0x08001a48       0x68 Drivers\STM32L4xx_HAL_Driver\Src\stm32l4xx_hal_cortex.o
                0x08001a48                HAL_NVIC_SetPriority
 .text.HAL_NVIC_EnableIRQ
                0x08001ab0       0x18 Drivers\STM32L4xx_HAL_Driver\Src\stm32l4xx_hal_cortex.o
                0x08001ab0                HAL_NVIC_EnableIRQ
 .text.HAL_SYSTICK_Config
                0x08001ac8       0x2c Drivers\STM32L4xx_HAL_Driver\Src\stm32l4xx_hal_cortex.o
                0x08001ac8                HAL_SYSTICK_Config
 .text.HAL_GPIO_Init
                0x08001af4      0x1b8 Drivers\STM32L4xx_HAL_Driver\Src\stm32l4xx_hal_gpio.o
                0x08001af4                HAL_GPIO_Init
 .text.HAL_GPIO_ReadPin
                0x08001cac        0xc Drivers\STM32L4xx_HAL_Driver\Src\stm32l4xx_hal_gpio.o
                0x08001cac                HAL_GPIO_ReadPin
 .text.HAL_GPIO_WritePin
                0x08001cb8        0xa Drivers\STM32L4xx_HAL_Driver\Src\stm32l4xx_hal_gpio.o
                0x08001cb8                HAL_GPIO_WritePin
 .text.HAL_GPIO_TogglePin
                0x08001cc2        0x8 Drivers\STM32L4xx_HAL_Driver\Src\stm32l4xx_hal_gpio.o
                0x08001cc2                HAL_GPIO_TogglePin
 .text.HAL_I2C_Init
                0x08001cca       0xa2 Drivers\STM32L4xx_HAL_Driver\Src\stm32l4xx_hal_i2c.o
                0x08001cca                HAL_I2C_Init
 .text.HAL_I2CEx_ConfigAnalogFilter
                0x08001d6c       0x4c Drivers\STM32L4xx_HAL_Driver\Src\stm32l4xx_hal_i2c_ex.o
                0x08001d6c                HAL_I2CEx_ConfigAnalogFilter
 .text.HAL_I2CEx_ConfigDigitalFilter
                0x08001db8       0x4a Drivers\STM32L4xx_HAL_Driver\Src\stm32l4xx_hal_i2c_ex.o
                0x08001db8                HAL_I2CEx_ConfigDigitalFilter
 *fill*         0x08001e02        0x2 
 .text.HAL_PWREx_GetVoltageRange
                0x08001e04       0x10 Drivers\STM32L4xx_HAL_Driver\Src\stm32l4xx_hal_pwr_ex.o
                0x08001e04                HAL_PWREx_GetVoltageRange
 .text.HAL_PWREx_ControlVoltageScaling
                0x08001e14       0x6c Drivers\STM32L4xx_HAL_Driver\Src\stm32l4xx_hal_pwr_ex.o
                0x08001e14                HAL_PWREx_ControlVoltageScaling
 .text.RCC_SetFlashLatencyFromMSIRange
                0x08001e80       0x84 Drivers\STM32L4xx_HAL_Driver\Src\stm32l4xx_hal_rcc.o
 .text.HAL_RCC_GetSysClockFreq
                0x08001f04       0xa8 Drivers\STM32L4xx_HAL_Driver\Src\stm32l4xx_hal_rcc.o
                0x08001f04                HAL_RCC_GetSysClockFreq
 .text.HAL_RCC_OscConfig
                0x08001fac      0x44c Drivers\STM32L4xx_HAL_Driver\Src\stm32l4xx_hal_rcc.o
                0x08001fac                HAL_RCC_OscConfig
 .text.HAL_RCC_ClockConfig
                0x080023f8      0x124 Drivers\STM32L4xx_HAL_Driver\Src\stm32l4xx_hal_rcc.o
                0x080023f8                HAL_RCC_ClockConfig
 .text.HAL_RCC_GetPCLK1Freq
                0x0800251c       0x24 Drivers\STM32L4xx_HAL_Driver\Src\stm32l4xx_hal_rcc.o
                0x0800251c                HAL_RCC_GetPCLK1Freq
 .text.HAL_RCC_GetPCLK2Freq
                0x08002540       0x24 Drivers\STM32L4xx_HAL_Driver\Src\stm32l4xx_hal_rcc.o
                0x08002540                HAL_RCC_GetPCLK2Freq
 .text.RCCEx_PLLSAI1_Config
                0x08002564      0x11c Drivers\STM32L4xx_HAL_Driver\Src\stm32l4xx_hal_rcc_ex.o
 .text.RCCEx_PLLSAI2_Config
                0x08002680       0xfc Drivers\STM32L4xx_HAL_Driver\Src\stm32l4xx_hal_rcc_ex.o
 .text.HAL_RCCEx_PeriphCLKConfig
                0x0800277c      0x38c Drivers\STM32L4xx_HAL_Driver\Src\stm32l4xx_hal_rcc_ex.o
                0x0800277c                HAL_RCCEx_PeriphCLKConfig
 .text.SPI_WaitFifoStateUntilTimeout.part.1
                0x08002b08       0x50 Drivers\STM32L4xx_HAL_Driver\Src\stm32l4xx_hal_spi.o
 .text.SPI_WaitFlagStateUntilTimeout.constprop.10
                0x08002b58       0x2c Drivers\STM32L4xx_HAL_Driver\Src\stm32l4xx_hal_spi.o
 .text.SPI_WaitFifoStateUntilTimeout.constprop.11
                0x08002b84       0x34 Drivers\STM32L4xx_HAL_Driver\Src\stm32l4xx_hal_spi.o
 .text.SPI_EndRxTxTransaction
                0x08002bb8       0x44 Drivers\STM32L4xx_HAL_Driver\Src\stm32l4xx_hal_spi.o
 .text.SPI_EndRxTransaction
                0x08002bfc       0x6e Drivers\STM32L4xx_HAL_Driver\Src\stm32l4xx_hal_spi.o
 .text.HAL_SPI_Init
                0x08002c6a       0xa2 Drivers\STM32L4xx_HAL_Driver\Src\stm32l4xx_hal_spi.o
                0x08002c6a                HAL_SPI_Init
 .text.HAL_SPI_Transmit
                0x08002d0c      0x17c Drivers\STM32L4xx_HAL_Driver\Src\stm32l4xx_hal_spi.o
                0x08002d0c                HAL_SPI_Transmit
 .text.HAL_SPI_TransmitReceive
                0x08002e88      0x248 Drivers\STM32L4xx_HAL_Driver\Src\stm32l4xx_hal_spi.o
                0x08002e88                HAL_SPI_TransmitReceive
 .text.HAL_SPI_Receive
                0x080030d0      0x156 Drivers\STM32L4xx_HAL_Driver\Src\stm32l4xx_hal_spi.o
                0x080030d0                HAL_SPI_Receive
 .text.HAL_SPI_GetState
                0x08003226        0x6 Drivers\STM32L4xx_HAL_Driver\Src\stm32l4xx_hal_spi.o
                0x08003226                HAL_SPI_GetState
 .text.TIM_OC1_SetConfig
                0x0800322c       0x98 Drivers\STM32L4xx_HAL_Driver\Src\stm32l4xx_hal_tim.o
 .text.TIM_OC3_SetConfig
                0x080032c4       0x88 Drivers\STM32L4xx_HAL_Driver\Src\stm32l4xx_hal_tim.o
 .text.TIM_OC4_SetConfig
                0x0800334c       0x68 Drivers\STM32L4xx_HAL_Driver\Src\stm32l4xx_hal_tim.o
 .text.TIM_OC5_SetConfig
                0x080033b4       0x68 Drivers\STM32L4xx_HAL_Driver\Src\stm32l4xx_hal_tim.o
 .text.TIM_OC6_SetConfig
                0x0800341c       0x68 Drivers\STM32L4xx_HAL_Driver\Src\stm32l4xx_hal_tim.o
 .text.HAL_TIM_PWM_MspInit
                0x08003484        0x2 Drivers\STM32L4xx_HAL_Driver\Src\stm32l4xx_hal_tim.o
                0x08003484                HAL_TIM_PWM_MspInit
 *fill*         0x08003486        0x2 
 .text.TIM_Base_SetConfig
                0x08003488       0xcc Drivers\STM32L4xx_HAL_Driver\Src\stm32l4xx_hal_tim.o
                0x08003488                TIM_Base_SetConfig
 .text.HAL_TIM_PWM_Init
                0x08003554       0x34 Drivers\STM32L4xx_HAL_Driver\Src\stm32l4xx_hal_tim.o
                0x08003554                HAL_TIM_PWM_Init
 .text.TIM_OC2_SetConfig
                0x08003588       0x8c Drivers\STM32L4xx_HAL_Driver\Src\stm32l4xx_hal_tim.o
                0x08003588                TIM_OC2_SetConfig
 .text.HAL_TIM_PWM_ConfigChannel
                0x08003614      0x10c Drivers\STM32L4xx_HAL_Driver\Src\stm32l4xx_hal_tim.o
                0x08003614                HAL_TIM_PWM_ConfigChannel
 .text.TIM_CCxChannelCmd
                0x08003720       0x1c Drivers\STM32L4xx_HAL_Driver\Src\stm32l4xx_hal_tim.o
                0x08003720                TIM_CCxChannelCmd
 .text.HAL_TIM_PWM_Start
                0x0800373c       0x68 Drivers\STM32L4xx_HAL_Driver\Src\stm32l4xx_hal_tim.o
                0x0800373c                HAL_TIM_PWM_Start
 .text.HAL_TIMEx_MasterConfigSynchronization
                0x080037a4       0x58 Drivers\STM32L4xx_HAL_Driver\Src\stm32l4xx_hal_tim_ex.o
                0x080037a4                HAL_TIMEx_MasterConfigSynchronization
 .text.UART_SetConfig
                0x080037fc      0x330 Drivers\STM32L4xx_HAL_Driver\Src\stm32l4xx_hal_uart.o
                0x080037fc                UART_SetConfig
 .text.UART_AdvFeatureConfig
                0x08003b2c       0xa8 Drivers\STM32L4xx_HAL_Driver\Src\stm32l4xx_hal_uart.o
                0x08003b2c                UART_AdvFeatureConfig
 .text.UART_WaitOnFlagUntilTimeout
                0x08003bd4       0x62 Drivers\STM32L4xx_HAL_Driver\Src\stm32l4xx_hal_uart.o
                0x08003bd4                UART_WaitOnFlagUntilTimeout
 .text.HAL_UART_Transmit
                0x08003c36       0xae Drivers\STM32L4xx_HAL_Driver\Src\stm32l4xx_hal_uart.o
                0x08003c36                HAL_UART_Transmit
 .text.HAL_UART_Receive
                0x08003ce4       0xde Drivers\STM32L4xx_HAL_Driver\Src\stm32l4xx_hal_uart.o
                0x08003ce4                HAL_UART_Receive
 .text.UART_CheckIdleState
                0x08003dc2       0x64 Drivers\STM32L4xx_HAL_Driver\Src\stm32l4xx_hal_uart.o
                0x08003dc2                UART_CheckIdleState
 .text.HAL_UART_Init
                0x08003e26       0x64 Drivers\STM32L4xx_HAL_Driver\Src\stm32l4xx_hal_uart.o
                0x08003e26                HAL_UART_Init
 .text.osKernelStart
                0x08003e8a        0xa Middlewares\Third_Party\FreeRTOS\Source\CMSIS_RTOS\cmsis_os.o
                0x08003e8a                osKernelStart
 .text.osThreadCreate
                0x08003e94       0x30 Middlewares\Third_Party\FreeRTOS\Source\CMSIS_RTOS\cmsis_os.o
                0x08003e94                osThreadCreate
 .text.osDelay  0x08003ec4       0x10 Middlewares\Third_Party\FreeRTOS\Source\CMSIS_RTOS\cmsis_os.o
                0x08003ec4                osDelay
 .text.osSystickHandler
                0x08003ed4       0x14 Middlewares\Third_Party\FreeRTOS\Source\CMSIS_RTOS\cmsis_os.o
                0x08003ed4                osSystickHandler
 .text.vListInitialise
                0x08003ee8       0x16 Middlewares\Third_Party\FreeRTOS\Source\list.o
                0x08003ee8                vListInitialise
 .text.vListInitialiseItem
                0x08003efe        0x6 Middlewares\Third_Party\FreeRTOS\Source\list.o
                0x08003efe                vListInitialiseItem
 .text.vListInsertEnd
                0x08003f04       0x18 Middlewares\Third_Party\FreeRTOS\Source\list.o
                0x08003f04                vListInsertEnd
 .text.vListInsert
                0x08003f1c       0x2e Middlewares\Third_Party\FreeRTOS\Source\list.o
                0x08003f1c                vListInsert
 .text.uxListRemove
                0x08003f4a       0x22 Middlewares\Third_Party\FreeRTOS\Source\list.o
                0x08003f4a                uxListRemove
 .text.prvTaskExitError
                0x08003f6c       0x40 Middlewares\Third_Party\FreeRTOS\Source\portable\GCC\ARM_CM4F\port.o
 .text.unlikely.prvPortStartFirstTask
                0x08003fac       0x28 Middlewares\Third_Party\FreeRTOS\Source\portable\GCC\ARM_CM4F\port.o
 .text.unlikely.vPortEnableVFP
                0x08003fd4       0x14 Middlewares\Third_Party\FreeRTOS\Source\portable\GCC\ARM_CM4F\port.o
 .text.pxPortInitialiseStack
                0x08003fe8       0x2c Middlewares\Third_Party\FreeRTOS\Source\portable\GCC\ARM_CM4F\port.o
                0x08003fe8                pxPortInitialiseStack
 *fill*         0x08004014        0xc 
 .text.SVC_Handler
                0x08004020       0x24 Middlewares\Third_Party\FreeRTOS\Source\portable\GCC\ARM_CM4F\port.o
                0x08004020                SVC_Handler
 .text.vPortEnterCritical
                0x08004044       0x44 Middlewares\Third_Party\FreeRTOS\Source\portable\GCC\ARM_CM4F\port.o
                0x08004044                vPortEnterCritical
 .text.vPortExitCritical
                0x08004088       0x28 Middlewares\Third_Party\FreeRTOS\Source\portable\GCC\ARM_CM4F\port.o
                0x08004088                vPortExitCritical
 .text.PendSV_Handler
                0x080040b0       0x64 Middlewares\Third_Party\FreeRTOS\Source\portable\GCC\ARM_CM4F\port.o
                0x080040b0                PendSV_Handler
 .text.xPortSysTickHandler
                0x08004114       0x2c Middlewares\Third_Party\FreeRTOS\Source\portable\GCC\ARM_CM4F\port.o
                0x08004114                xPortSysTickHandler
 .text.vPortSetupTimerInterrupt
                0x08004140       0x34 Middlewares\Third_Party\FreeRTOS\Source\portable\GCC\ARM_CM4F\port.o
                0x08004140                vPortSetupTimerInterrupt
 .text.xPortStartScheduler
                0x08004174      0x10c Middlewares\Third_Party\FreeRTOS\Source\portable\GCC\ARM_CM4F\port.o
                0x08004174                xPortStartScheduler
 .text.unlikely.prvInsertBlockIntoFreeList
                0x08004280       0x48 Middlewares\Third_Party\FreeRTOS\Source\portable\MemMang\heap_4.o
 .text.pvPortMalloc
                0x080042c8      0x11c Middlewares\Third_Party\FreeRTOS\Source\portable\MemMang\heap_4.o
                0x080042c8                pvPortMalloc
 .text.vPortFree
                0x080043e4       0x70 Middlewares\Third_Party\FreeRTOS\Source\portable\MemMang\heap_4.o
                0x080043e4                vPortFree
 .text.prvTaskIsTaskSuspended
                0x08004454       0x38 Middlewares\Third_Party\FreeRTOS\Source\tasks.o
 .text.prvResetNextTaskUnblockTime
                0x0800448c       0x24 Middlewares\Third_Party\FreeRTOS\Source\tasks.o
 .text.prvAddCurrentTaskToDelayedList
                0x080044b0       0x8c Middlewares\Third_Party\FreeRTOS\Source\tasks.o
 .text.prvIdleTask
                0x0800453c       0x6c Middlewares\Third_Party\FreeRTOS\Source\tasks.o
 .text.xTaskCreate
                0x080045a8      0x1a0 Middlewares\Third_Party\FreeRTOS\Source\tasks.o
                0x080045a8                xTaskCreate
 .text.vTaskResume
                0x08004748       0x84 Middlewares\Third_Party\FreeRTOS\Source\tasks.o
                0x08004748                vTaskResume
 .text.vTaskStartScheduler
                0x080047cc       0x78 Middlewares\Third_Party\FreeRTOS\Source\tasks.o
                0x080047cc                vTaskStartScheduler
 .text.vTaskSuspendAll
                0x08004844       0x10 Middlewares\Third_Party\FreeRTOS\Source\tasks.o
                0x08004844                vTaskSuspendAll
 .text.xTaskIncrementTick
                0x08004854      0x124 Middlewares\Third_Party\FreeRTOS\Source\tasks.o
                0x08004854                xTaskIncrementTick
 .text.xTaskResumeAll
                0x08004978       0xf0 Middlewares\Third_Party\FreeRTOS\Source\tasks.o
                0x08004978                xTaskResumeAll
 .text.vTaskDelay
                0x08004a68       0x48 Middlewares\Third_Party\FreeRTOS\Source\tasks.o
                0x08004a68                vTaskDelay
 .text.vTaskSwitchContext
                0x08004ab0       0x74 Middlewares\Third_Party\FreeRTOS\Source\tasks.o
                0x08004ab0                vTaskSwitchContext
 .text.vTaskSuspend
                0x08004b24       0xd8 Middlewares\Third_Party\FreeRTOS\Source\tasks.o
                0x08004b24                vTaskSuspend
 .text.xTaskGetSchedulerState
                0x08004bfc       0x20 Middlewares\Third_Party\FreeRTOS\Source\tasks.o
                0x08004bfc                xTaskGetSchedulerState
 .text.Flash_Init
                0x08004c1c       0x88 Source\Device\Flash\Flash.o
                0x08004c1c                Flash_Init
 .text.Flash_Read
                0x08004ca4       0x10 Source\Device\Flash\Flash.o
                0x08004ca4                Flash_Read
 .text.Flash_Write_to_Page
                0x08004cb4       0x28 Source\Device\Flash\Flash.o
                0x08004cb4                Flash_Write_to_Page
 .text.HW_Flash_Driver_setOutput_Dir
                0x08004cdc        0x4 Source\Device\Flash\HW_Flash_Driver.o
                0x08004cdc                HW_Flash_Driver_setOutput_Dir
 .text.HW_Flash_Driver_setOutput_HighLevel
                0x08004ce0        0x4 Source\Device\Flash\HW_Flash_Driver.o
                0x08004ce0                HW_Flash_Driver_setOutput_HighLevel
 .text.HW_Flash_Driver_setOutput_LowLevel
                0x08004ce4        0x4 Source\Device\Flash\HW_Flash_Driver.o
                0x08004ce4                HW_Flash_Driver_setOutput_LowLevel
 .text.HW_Flash_Driver_SPI_Init
                0x08004ce8       0x10 Source\Device\Flash\HW_Flash_Driver.o
                0x08004ce8                HW_Flash_Driver_SPI_Init
 .text.HW_Flash_Driver_SPI_Ready
                0x08004cf8        0xc Source\Device\Flash\HW_Flash_Driver.o
                0x08004cf8                HW_Flash_Driver_SPI_Ready
 .text.HW_Flash_Driver_SPI_Write_Bytes
                0x08004d04       0x14 Source\Device\Flash\HW_Flash_Driver.o
                0x08004d04                HW_Flash_Driver_SPI_Write_Bytes
 .text.HW_Flash_Driver_SPI_Read_Bytes
                0x08004d18       0x14 Source\Device\Flash\HW_Flash_Driver.o
                0x08004d18                HW_Flash_Driver_SPI_Read_Bytes
 .text.W25Q64JVS_SetWriteEnable
                0x08004d2c       0x2c Source\Device\Flash\W25Q64JVS.o
 .text.W25Q64JVS_Init
                0x08004d58       0x3a Source\Device\Flash\W25Q64JVS.o
                0x08004d58                W25Q64JVS_Init
 *fill*         0x08004d92        0x2 
 .text.W25Q64JVS_CheckConnection
                0x08004d94       0x64 Source\Device\Flash\W25Q64JVS.o
                0x08004d94                W25Q64JVS_CheckConnection
 .text.W25Q64JVS_Read
                0x08004df8       0x4c Source\Device\Flash\W25Q64JVS.o
                0x08004df8                W25Q64JVS_Read
 .text.W25Q64JVS_GetStatus
                0x08004e44       0x38 Source\Device\Flash\W25Q64JVS.o
                0x08004e44                W25Q64JVS_GetStatus
 .text.W25Q64JVS_Write
                0x08004e7c       0x72 Source\Device\Flash\W25Q64JVS.o
                0x08004e7c                W25Q64JVS_Write
 .text.W25Q64JVS_EraseSector
                0x08004eee       0x4e Source\Device\Flash\W25Q64JVS.o
                0x08004eee                W25Q64JVS_EraseSector
 .text.HW_Lora_Driver_Delay_ms
                0x08004f3c        0x4 Source\Device\Lora\HW_Lora_Driver.o
                0x08004f3c                HW_Lora_Driver_Delay_ms
 .text.HW_Lora_Driver_setPin_Output
                0x08004f40        0x4 Source\Device\Lora\HW_Lora_Driver.o
                0x08004f40                HW_Lora_Driver_setPin_Output
 .text.HW_Lora_Driver_setPin_Input
                0x08004f44        0x4 Source\Device\Lora\HW_Lora_Driver.o
                0x08004f44                HW_Lora_Driver_setPin_Input
 .text.HW_Lora_Driver_ReadPin
                0x08004f48        0x8 Source\Device\Lora\HW_Lora_Driver.o
                0x08004f48                HW_Lora_Driver_ReadPin
 .text.HW_Lora_Driver_setPin_High
                0x08004f50        0x4 Source\Device\Lora\HW_Lora_Driver.o
                0x08004f50                HW_Lora_Driver_setPin_High
 .text.HW_Lora_Driver_setPin_Low
                0x08004f54        0x4 Source\Device\Lora\HW_Lora_Driver.o
                0x08004f54                HW_Lora_Driver_setPin_Low
 .text.HW_Lora_Driver_SPI_Init
                0x08004f58       0x10 Source\Device\Lora\HW_Lora_Driver.o
                0x08004f58                HW_Lora_Driver_SPI_Init
 .text.HW_Lora_Driver_SPI_Ready
                0x08004f68        0xc Source\Device\Lora\HW_Lora_Driver.o
                0x08004f68                HW_Lora_Driver_SPI_Ready
 .text.HW_Lora_Driver_SPI_WriteByte
                0x08004f74       0x10 Source\Device\Lora\HW_Lora_Driver.o
                0x08004f74                HW_Lora_Driver_SPI_WriteByte
 .text.HW_Lora_Driver_SPI_ReadByte
                0x08004f84       0x10 Source\Device\Lora\HW_Lora_Driver.o
                0x08004f84                HW_Lora_Driver_SPI_ReadByte
 .text.Lora_Init
                0x08004f94       0xc8 Source\Device\Lora\Lora.o
                0x08004f94                Lora_Init
 .text.Lora_Transmit
                0x0800505c       0x50 Source\Device\Lora\Lora.o
                0x0800505c                Lora_Transmit
 .text.Lora_Receive
                0x080050ac       0x20 Source\Device\Lora\Lora.o
                0x080050ac                Lora_Receive
 .text.SX1278_HW_SetNSS.part.0
                0x080050cc        0xa Source\Device\Lora\SX1278.o
 .text.SX1278_HW_Reset
                0x080050d6       0x30 Source\Device\Lora\SX1278.o
 *fill*         0x08005106        0x2 
 .text.SX1278_Wait_SPIReady.constprop.5
                0x08005108       0x24 Source\Device\Lora\SX1278.o
 .text.SX1278_HW_SetNSS.constprop.6
                0x0800512c        0xa Source\Device\Lora\SX1278.o
 .text.SX1278_SPIBurstWrite.part.1
                0x08005136       0x4c Source\Device\Lora\SX1278.o
 .text.SX1278_SPIWrite
                0x08005182       0x3c Source\Device\Lora\SX1278.o
 .text.SX1278_SPIReadByte
                0x080051be       0x38 Source\Device\Lora\SX1278.o
 .text.SX1278_Standby
                0x080051f6       0x12 Source\Device\Lora\SX1278.o
                0x080051f6                SX1278_Standby
 .text.SX1278_Sleep
                0x08005208       0x12 Source\Device\Lora\SX1278.o
                0x08005208                SX1278_Sleep
 .text.SX1278_entryLoRa
                0x0800521a        0x8 Source\Device\Lora\SX1278.o
                0x0800521a                SX1278_entryLoRa
 *fill*         0x08005222        0x2 
 .text.SX1278_defaultConfig
                0x08005224      0x104 Source\Device\Lora\SX1278.o
 .text.SX1278_Init
                0x08005328       0x42 Source\Device\Lora\SX1278.o
                0x08005328                SX1278_Init
 .text.SX1278_ClearLoRaIrq
                0x0800536a        0x8 Source\Device\Lora\SX1278.o
                0x0800536a                SX1278_ClearLoRaIrq
 .text.SX1278_LoRaEntryRx
                0x08005372       0x92 Source\Device\Lora\SX1278.o
                0x08005372                SX1278_LoRaEntryRx
 .text.SX1278_LoRaRxPacket
                0x08005404       0x96 Source\Device\Lora\SX1278.o
                0x08005404                SX1278_LoRaRxPacket
 .text.SX1278_LoRaEntryTx
                0x0800549a       0x7c Source\Device\Lora\SX1278.o
                0x0800549a                SX1278_LoRaEntryTx
 .text.SX1278_LoRaTxPacket
                0x08005516       0x60 Source\Device\Lora\SX1278.o
                0x08005516                SX1278_LoRaTxPacket
 .text.SX1278_Transmit
                0x08005576       0x2a Source\Device\Lora\SX1278.o
                0x08005576                SX1278_Transmit
 .text.SX1278_Receive
                0x080055a0       0x2e Source\Device\Lora\SX1278.o
                0x080055a0                SX1278_Receive
 .text.IOControl_WDT_Done
                0x080055ce        0xa Source\IOControl.o
                0x080055ce                IOControl_WDT_Done
 .text.IOControl_Battery_Charger_ON
                0x080055d8       0x10 Source\IOControl.o
                0x080055d8                IOControl_Battery_Charger_ON
 .text.IOControl_Lora_ON
                0x080055e8       0x10 Source\IOControl.o
                0x080055e8                IOControl_Lora_ON
 .text.IOControl_SS_TH_Soil_ON
                0x080055f8        0xc Source\IOControl.o
                0x080055f8                IOControl_SS_TH_Soil_ON
 .text.IOControl_SS_TH_Soil_OFF
                0x08005604        0xc Source\IOControl.o
                0x08005604                IOControl_SS_TH_Soil_OFF
 .text.IOControl_SS_EC_ON
                0x08005610       0x10 Source\IOControl.o
                0x08005610                IOControl_SS_EC_ON
 .text.IOControl_SS_EC_OFF
                0x08005620       0x10 Source\IOControl.o
                0x08005620                IOControl_SS_EC_OFF
 .text.IOControl_SS_PH_ON
                0x08005630       0x10 Source\IOControl.o
                0x08005630                IOControl_SS_PH_ON
 .text.IOControl_SS_PH_OFF
                0x08005640       0x10 Source\IOControl.o
                0x08005640                IOControl_SS_PH_OFF
 .text.IOControl_SS_CO2_ON
                0x08005650        0xc Source\IOControl.o
                0x08005650                IOControl_SS_CO2_ON
 .text.IOControl_SS_CO2_OFF
                0x0800565c        0xc Source\IOControl.o
                0x0800565c                IOControl_SS_CO2_OFF
 .text.IOControl_SS_THL_ON
                0x08005668        0xc Source\IOControl.o
                0x08005668                IOControl_SS_THL_ON
 .text.IOControl_SS_THL_OFF
                0x08005674        0xc Source\IOControl.o
                0x08005674                IOControl_SS_THL_OFF
 .text.IOControl_Init
                0x08005680       0x84 Source\IOControl.o
                0x08005680                IOControl_Init
 .text.ADC_Init
                0x08005704       0x64 Source\Interface\ADC.o
                0x08005704                ADC_Init
 .text.ADC_SetChannel
                0x08005768       0x38 Source\Interface\ADC.o
                0x08005768                ADC_SetChannel
 .text.ADC_ReadValue
                0x080057a0       0x48 Source\Interface\ADC.o
                0x080057a0                ADC_ReadValue
 .text.GPIO_Init
                0x080057e8       0x54 Source\Interface\GPIO.o
                0x080057e8                GPIO_Init
 .text.GPIO_setOutput_Pullup
                0x0800583c       0x26 Source\Interface\GPIO.o
                0x0800583c                GPIO_setOutput_Pullup
 .text.GPIO_setOutput_Pulldown
                0x08005862       0x28 Source\Interface\GPIO.o
                0x08005862                GPIO_setOutput_Pulldown
 .text.GPIO_setOutput_NoPull
                0x0800588a       0x24 Source\Interface\GPIO.o
                0x0800588a                GPIO_setOutput_NoPull
 .text.GPIO_setInput
                0x080058ae       0x20 Source\Interface\GPIO.o
                0x080058ae                GPIO_setInput
 .text.GPIO_setHighlevel
                0x080058ce        0x6 Source\Interface\GPIO.o
                0x080058ce                GPIO_setHighlevel
 .text.GPIO_setLowlevel
                0x080058d4        0x6 Source\Interface\GPIO.o
                0x080058d4                GPIO_setLowlevel
 .text.GPIO_setToggle
                0x080058da        0x4 Source\Interface\GPIO.o
                0x080058da                GPIO_setToggle
 .text.GPIO_getlevel
                0x080058de        0xe Source\Interface\GPIO.o
                0x080058de                GPIO_getlevel
 .text.I2C1_SS_Init
                0x080058ec       0x40 Source\Interface\I2C.o
                0x080058ec                I2C1_SS_Init
 .text.SPI_Init
                0x0800592c       0x54 Source\Interface\SPI.o
                0x0800592c                SPI_Init
 .text.SPI_State_Ready
                0x08005980        0xe Source\Interface\SPI.o
                0x08005980                SPI_State_Ready
 *fill*         0x0800598e        0x2 
 .text.SPI_WriteByte
                0x08005990       0x2c Source\Interface\SPI.o
                0x08005990                SPI_WriteByte
 .text.SPI_ReadByte
                0x080059bc       0x34 Source\Interface\SPI.o
                0x080059bc                SPI_ReadByte
 .text.SPI_WriteBytes
                0x080059f0       0x1c Source\Interface\SPI.o
                0x080059f0                SPI_WriteBytes
 .text.SPI_ReadBytes
                0x08005a0c       0x1c Source\Interface\SPI.o
                0x08005a0c                SPI_ReadBytes
 .text.Uart_Read
                0x08005a28       0x38 Source\Interface\Uart.o
 .text.Uart_Write
                0x08005a60       0x12 Source\Interface\Uart.o
 *fill*         0x08005a72        0x2 
 .text.Uart_Open
                0x08005a74       0x3c Source\Interface\Uart.o
                0x08005a74                Uart_Open
 .text.Message_sendData
                0x08005ab0       0x2c Source\Message\Message.o
 .text.Message_SendData_Sensor
                0x08005adc      0x234 Source\Message\Message.o
                0x08005adc                Message_SendData_Sensor
 .text.Message_Process
                0x08005d10      0x250 Source\Message\Message.o
                0x08005d10                Message_Process
 .text.Message_set_OTA_Callback
                0x08005f60       0x1c Source\Message\Message.o
                0x08005f60                Message_set_OTA_Callback
 .text.Message_set_sendData_Callback
                0x08005f7c        0xc Source\Message\Message.o
                0x08005f7c                Message_set_sendData_Callback
 .text.Message_set_Lora_Transmit_Callback
                0x08005f88        0xc Source\Message\Message.o
                0x08005f88                Message_set_Lora_Transmit_Callback
 .text.Message_set_Typesensor_Callback
                0x08005f94        0xc Source\Message\Message.o
                0x08005f94                Message_set_Typesensor_Callback
 .text.Parse_getMsgData
                0x08005fa0      0x10c Source\Message\Parse.o
                0x08005fa0                Parse_getMsgData
 .text.Parse_setMsgData
                0x080060ac       0xa4 Source\Message\Parse.o
                0x080060ac                Parse_setMsgData
 .text.SS_EC_Init
                0x08006150       0xb8 Source\Sensor\SS_EC.o
                0x08006150                SS_EC_Init
 .text.SS_EC_Read
                0x08006208       0x6c Source\Sensor\SS_EC.o
                0x08006208                SS_EC_Read
 .text.SS_PH_Init
                0x08006274        0xc Source\Sensor\SS_PH.o
                0x08006274                SS_PH_Init
 .text.SS_PH_Read
                0x08006280      0x128 Source\Sensor\SS_PH.o
                0x08006280                SS_PH_Read
 .text.SS_THSoil_Read
                0x080063a8       0xc8 Source\Sensor\SS_THSoil.o
                0x080063a8                SS_THSoil_Read
 .text.LoraTask
                0x08006470       0x5c Source\Task\LoraTask.o
                0x08006470                LoraTask
 .text.OTATask_Start_Callback
                0x080064cc        0xc Source\Task\OTATask.o
 .text.OTATask_Data_Callback
                0x080064d8        0x2 Source\Task\OTATask.o
 *fill*         0x080064da        0x2 
 .text.OTATask_data_done_Callback
                0x080064dc        0xc Source\Task\OTATask.o
 .text.OTATask  0x080064e8       0xc4 Source\Task\OTATask.o
                0x080064e8                OTATask
 .text.ProcessTask_sendData_Callback
                0x080065ac       0x14 Source\Task\ProcessTask.o
 .text.ProcessTask
                0x080065c0      0x138 Source\Task\ProcessTask.o
                0x080065c0                ProcessTask
 .text.SensorTask_SS_Power_Control
                0x080066f8       0x7c Source\Task\SensorTask.o
 .text.SensorTask
                0x08006774      0x348 Source\Task\SensorTask.o
                0x08006774                SensorTask
 .text.fileData_Write_Reset
                0x08006abc       0x30 Source\fileData.o
 .text.fileData_Write_Threshold_Component.constprop.0
                0x08006aec       0x6a Source\fileData.o
 .text.fileData_Read_Threshold_Component.constprop.1
                0x08006b56       0x42 Source\fileData.o
 .text.fileData_Init
                0x08006b98        0x4 Source\fileData.o
                0x08006b98                fileData_Init
 .text.fileData_Write_SensorCFG
                0x08006b9c       0x2c Source\fileData.o
                0x08006b9c                fileData_Write_SensorCFG
 .text.fileData_Read_Sensor_CFG
                0x08006bc8       0x34 Source\fileData.o
                0x08006bc8                fileData_Read_Sensor_CFG
 .text.fileData_Write_DataUT
                0x08006bfc       0x2c Source\fileData.o
                0x08006bfc                fileData_Write_DataUT
 .text.fileData_Read_DataUT
                0x08006c28       0x34 Source\fileData.o
                0x08006c28                fileData_Read_DataUT
 .text.fileData_Write_Threshold_TempA
                0x08006c5c       0x18 Source\fileData.o
                0x08006c5c                fileData_Write_Threshold_TempA
 .text.fileData_Read_Threshold_TempA
                0x08006c74       0x14 Source\fileData.o
                0x08006c74                fileData_Read_Threshold_TempA
 .text.fileData_Write_Threshold_HumiA
                0x08006c88       0x18 Source\fileData.o
                0x08006c88                fileData_Write_Threshold_HumiA
 .text.fileData_Read_Threshold_HumiA
                0x08006ca0       0x14 Source\fileData.o
                0x08006ca0                fileData_Read_Threshold_HumiA
 .text.fileData_Write_Threshold_TempS
                0x08006cb4       0x18 Source\fileData.o
                0x08006cb4                fileData_Write_Threshold_TempS
 .text.fileData_Read_Threshold_TempS
                0x08006ccc       0x14 Source\fileData.o
                0x08006ccc                fileData_Read_Threshold_TempS
 .text.fileData_Write_Threshold_HumiS
                0x08006ce0       0x18 Source\fileData.o
                0x08006ce0                fileData_Write_Threshold_HumiS
 .text.fileData_Read_Threshold_HumiS
                0x08006cf8       0x14 Source\fileData.o
                0x08006cf8                fileData_Read_Threshold_HumiS
 .text.fileData_Write_Threshold_PH
                0x08006d0c       0x18 Source\fileData.o
                0x08006d0c                fileData_Write_Threshold_PH
 .text.fileData_Read_Threshold_PH
                0x08006d24       0x14 Source\fileData.o
                0x08006d24                fileData_Read_Threshold_PH
 .text.fileData_Write_Threshold_EC
                0x08006d38       0x18 Source\fileData.o
                0x08006d38                fileData_Write_Threshold_EC
 .text.fileData_Read_Threshold_EC
                0x08006d50       0x14 Source\fileData.o
                0x08006d50                fileData_Read_Threshold_EC
 .text.fileData_Write_Threshold_Light
                0x08006d64       0x18 Source\fileData.o
                0x08006d64                fileData_Write_Threshold_Light
 .text.fileData_Read_Threshold_Light
                0x08006d7c       0x14 Source\fileData.o
                0x08006d7c                fileData_Read_Threshold_Light
 .text.fileData_Write_Threshold_CO2
                0x08006d90       0x18 Source\fileData.o
                0x08006d90                fileData_Write_Threshold_CO2
 .text.fileData_WriteAll
                0x08006da8       0x50 Source\fileData.o
                0x08006da8                fileData_WriteAll
 .text.fileData_Read_Threshold_CO2
                0x08006df8       0x14 Source\fileData.o
                0x08006df8                fileData_Read_Threshold_CO2
 .text.fileData_ReadAll
                0x08006e0c      0x1dc Source\fileData.o
                0x08006e0c                fileData_ReadAll
 .text.SystemClock_Config
                0x08006fe8       0xbc Source\main.o
                0x08006fe8                SystemClock_Config
 .text.startup.main
                0x080070a4      0x1cc Source\main.o
                0x080070a4                main
 .text.__io_putchar
                0x08007270       0x20 Source\main.o
                0x08007270                __io_putchar
 .text.HAL_MspInit
                0x08007290       0x40 Source\stm32l4xx_hal_msp.o
                0x08007290                HAL_MspInit
 .text.HAL_ADC_MspInit
                0x080072d0       0x60 Source\stm32l4xx_hal_msp.o
                0x080072d0                HAL_ADC_MspInit
 .text.HAL_I2C_MspInit
                0x08007330       0x6c Source\stm32l4xx_hal_msp.o
                0x08007330                HAL_I2C_MspInit
 .text.HAL_SPI_MspInit
                0x0800739c       0xb4 Source\stm32l4xx_hal_msp.o
                0x0800739c                HAL_SPI_MspInit
 .text.HAL_UART_MspInit
                0x08007450      0x158 Source\stm32l4xx_hal_msp.o
                0x08007450                HAL_UART_MspInit
 .text.NMI_Handler
                0x080075a8        0x2 Source\stm32l4xx_it.o
                0x080075a8                NMI_Handler
 .text.HardFault_Handler
                0x080075aa        0x2 Source\stm32l4xx_it.o
                0x080075aa                HardFault_Handler
 .text.MemManage_Handler
                0x080075ac        0x2 Source\stm32l4xx_it.o
                0x080075ac                MemManage_Handler
 .text.BusFault_Handler
                0x080075ae        0x2 Source\stm32l4xx_it.o
                0x080075ae                BusFault_Handler
 .text.UsageFault_Handler
                0x080075b0        0x2 Source\stm32l4xx_it.o
                0x080075b0                UsageFault_Handler
 .text.DebugMon_Handler
                0x080075b2        0x2 Source\stm32l4xx_it.o
                0x080075b2                DebugMon_Handler
 .text.SysTick_Handler
                0x080075b4        0xe Source\stm32l4xx_it.o
                0x080075b4                SysTick_Handler
 .text._read    0x080075c2       0x1c Source\syscalls.o
                0x080075c2                _read
 .text._write   0x080075de       0x1c Source\syscalls.o
                0x080075de                _write
 *fill*         0x080075fa        0x2 
 .text._sbrk    0x080075fc       0x34 Source\syscalls.o
                0x080075fc                _sbrk
 .text._close   0x08007630        0x6 Source\syscalls.o
                0x08007630                _close
 .text._fstat   0x08007636        0xa Source\syscalls.o
                0x08007636                _fstat
 .text._isatty  0x08007640        0x4 Source\syscalls.o
                0x08007640                _isatty
 .text._lseek   0x08007644        0x4 Source\syscalls.o
                0x08007644                _lseek
 .text.SystemInit
                0x08007648       0x48 Source\system_stm32l4xx.o
                0x08007648                SystemInit
 .text.Reset_Handler
                0x08007690       0x50 startup\startup_stm32l471xx.o
                0x08007690                Reset_Handler
 .text.Default_Handler
                0x080076e0        0x2 startup\startup_stm32l471xx.o
                0x080076e0                RTC_Alarm_IRQHandler
                0x080076e0                EXTI2_IRQHandler
                0x080076e0                TIM8_TRG_COM_IRQHandler
                0x080076e0                TIM8_CC_IRQHandler
                0x080076e0                TIM1_CC_IRQHandler
                0x080076e0                TSC_IRQHandler
                0x080076e0                TAMP_STAMP_IRQHandler
                0x080076e0                EXTI3_IRQHandler
                0x080076e0                LPTIM2_IRQHandler
                0x080076e0                DFSDM1_FLT1_IRQHandler
                0x080076e0                I2C3_ER_IRQHandler
                0x080076e0                DFSDM1_FLT2_IRQHandler
                0x080076e0                EXTI0_IRQHandler
                0x080076e0                I2C2_EV_IRQHandler
                0x080076e0                CAN1_RX0_IRQHandler
                0x080076e0                FPU_IRQHandler
                0x080076e0                TIM1_UP_TIM16_IRQHandler
                0x080076e0                ADC1_2_IRQHandler
                0x080076e0                SPI1_IRQHandler
                0x080076e0                TIM6_DAC_IRQHandler
                0x080076e0                TIM8_UP_IRQHandler
                0x080076e0                DMA2_Channel2_IRQHandler
                0x080076e0                DMA1_Channel4_IRQHandler
                0x080076e0                SAI2_IRQHandler
                0x080076e0                DFSDM1_FLT3_IRQHandler
                0x080076e0                USART3_IRQHandler
                0x080076e0                DMA1_Channel7_IRQHandler
                0x080076e0                CAN1_RX1_IRQHandler
                0x080076e0                UART5_IRQHandler
                0x080076e0                ADC3_IRQHandler
                0x080076e0                TIM4_IRQHandler
                0x080076e0                DMA2_Channel1_IRQHandler
                0x080076e0                QUADSPI_IRQHandler
                0x080076e0                I2C1_EV_IRQHandler
                0x080076e0                DMA1_Channel6_IRQHandler
                0x080076e0                UART4_IRQHandler
                0x080076e0                DMA2_Channel4_IRQHandler
                0x080076e0                TIM3_IRQHandler
                0x080076e0                RCC_IRQHandler
                0x080076e0                DMA1_Channel1_IRQHandler
                0x080076e0                Default_Handler
                0x080076e0                DMA2_Channel7_IRQHandler
                0x080076e0                EXTI15_10_IRQHandler
                0x080076e0                TIM7_IRQHandler
                0x080076e0                SDMMC1_IRQHandler
                0x080076e0                TIM5_IRQHandler
                0x080076e0                I2C3_EV_IRQHandler
                0x080076e0                EXTI9_5_IRQHandler
                0x080076e0                RTC_WKUP_IRQHandler
                0x080076e0                PVD_PVM_IRQHandler
                0x080076e0                SPI2_IRQHandler
                0x080076e0                CAN1_TX_IRQHandler
                0x080076e0                DMA2_Channel5_IRQHandler
                0x080076e0                DMA1_Channel5_IRQHandler
                0x080076e0                EXTI4_IRQHandler
                0x080076e0                RNG_IRQHandler
                0x080076e0                TIM1_TRG_COM_TIM17_IRQHandler
                0x080076e0                DMA1_Channel3_IRQHandler
                0x080076e0                COMP_IRQHandler
                0x080076e0                WWDG_IRQHandler
                0x080076e0                LPUART1_IRQHandler
                0x080076e0                DMA2_Channel6_IRQHandler
                0x080076e0                TIM2_IRQHandler
                0x080076e0                EXTI1_IRQHandler
                0x080076e0                USART2_IRQHandler
                0x080076e0                DFSDM1_FLT0_IRQHandler
                0x080076e0                I2C2_ER_IRQHandler
                0x080076e0                DMA1_Channel2_IRQHandler
                0x080076e0                TIM8_BRK_IRQHandler
                0x080076e0                CAN1_SCE_IRQHandler
                0x080076e0                FLASH_IRQHandler
                0x080076e0                USART1_IRQHandler
                0x080076e0                SPI3_IRQHandler
                0x080076e0                I2C1_ER_IRQHandler
                0x080076e0                FMC_IRQHandler
                0x080076e0                SWPMI1_IRQHandler
                0x080076e0                LPTIM1_IRQHandler
                0x080076e0                SAI1_IRQHandler
                0x080076e0                DMA2_Channel3_IRQHandler
                0x080076e0                TIM1_BRK_TIM15_IRQHandler
 .text.atoi     0x080076e2        0x8 c:/program files (x86)/atollic/truestudio for stm32 9.3.0/armtools/bin/../lib/gcc/arm-atollic-eabi/6.3.1/../../../../arm-atollic-eabi/lib/armv7e-m/fpu\libc.a(lib_a-atoi.o)
                0x080076e2                atoi
 *fill*         0x080076ea        0x2 
 .text.__errno  0x080076ec        0xc c:/program files (x86)/atollic/truestudio for stm32 9.3.0/armtools/bin/../lib/gcc/arm-atollic-eabi/6.3.1/../../../../arm-atollic-eabi/lib/armv7e-m/fpu\libc.a(lib_a-errno.o)
                0x080076ec                __errno
 .text.__libc_init_array
                0x080076f8       0x48 c:/program files (x86)/atollic/truestudio for stm32 9.3.0/armtools/bin/../lib/gcc/arm-atollic-eabi/6.3.1/../../../../arm-atollic-eabi/lib/armv7e-m/fpu\libc.a(lib_a-init.o)
                0x080076f8                __libc_init_array
 .text.malloc   0x08007740       0x10 c:/program files (x86)/atollic/truestudio for stm32 9.3.0/armtools/bin/../lib/gcc/arm-atollic-eabi/6.3.1/../../../../arm-atollic-eabi/lib/armv7e-m/fpu\libc.a(lib_a-malloc.o)
                0x08007740                malloc
 .text._malloc_r
                0x08007750      0x41c c:/program files (x86)/atollic/truestudio for stm32 9.3.0/armtools/bin/../lib/gcc/arm-atollic-eabi/6.3.1/../../../../arm-atollic-eabi/lib/armv7e-m/fpu\libc.a(lib_a-mallocr.o)
                0x08007750                _malloc_r
 .text.memcpy   0x08007b6c       0x16 c:/program files (x86)/atollic/truestudio for stm32 9.3.0/armtools/bin/../lib/gcc/arm-atollic-eabi/6.3.1/../../../../arm-atollic-eabi/lib/armv7e-m/fpu\libc.a(lib_a-memcpy-stub.o)
                0x08007b6c                memcpy
 .text.memset   0x08007b82       0x10 c:/program files (x86)/atollic/truestudio for stm32 9.3.0/armtools/bin/../lib/gcc/arm-atollic-eabi/6.3.1/../../../../arm-atollic-eabi/lib/armv7e-m/fpu\libc.a(lib_a-memset.o)
                0x08007b82                memset
 *fill*         0x08007b92        0x2 
 .text.__malloc_lock
                0x08007b94        0xc c:/program files (x86)/atollic/truestudio for stm32 9.3.0/armtools/bin/../lib/gcc/arm-atollic-eabi/6.3.1/../../../../arm-atollic-eabi/lib/armv7e-m/fpu\libc.a(lib_a-mlock.o)
                0x08007b94                __malloc_lock
 .text.__malloc_unlock
                0x08007ba0        0xc c:/program files (x86)/atollic/truestudio for stm32 9.3.0/armtools/bin/../lib/gcc/arm-atollic-eabi/6.3.1/../../../../arm-atollic-eabi/lib/armv7e-m/fpu\libc.a(lib_a-mlock.o)
                0x08007ba0                __malloc_unlock
 .text.printf   0x08007bac       0x30 c:/program files (x86)/atollic/truestudio for stm32 9.3.0/armtools/bin/../lib/gcc/arm-atollic-eabi/6.3.1/../../../../arm-atollic-eabi/lib/armv7e-m/fpu\libc.a(lib_a-printf.o)
                0x08007bac                printf
 .text._puts_r  0x08007bdc       0xc0 c:/program files (x86)/atollic/truestudio for stm32 9.3.0/armtools/bin/../lib/gcc/arm-atollic-eabi/6.3.1/../../../../arm-atollic-eabi/lib/armv7e-m/fpu\libc.a(lib_a-puts.o)
                0x08007bdc                _puts_r
 .text.puts     0x08007c9c       0x10 c:/program files (x86)/atollic/truestudio for stm32 9.3.0/armtools/bin/../lib/gcc/arm-atollic-eabi/6.3.1/../../../../arm-atollic-eabi/lib/armv7e-m/fpu\libc.a(lib_a-puts.o)
                0x08007c9c                puts
 .text._sbrk_r  0x08007cac       0x20 c:/program files (x86)/atollic/truestudio for stm32 9.3.0/armtools/bin/../lib/gcc/arm-atollic-eabi/6.3.1/../../../../arm-atollic-eabi/lib/armv7e-m/fpu\libc.a(lib_a-sbrkr.o)
                0x08007cac                _sbrk_r
 .text.sprintf  0x08007ccc       0x48 c:/program files (x86)/atollic/truestudio for stm32 9.3.0/armtools/bin/../lib/gcc/arm-atollic-eabi/6.3.1/../../../../arm-atollic-eabi/lib/armv7e-m/fpu\libc.a(lib_a-sprintf.o)
                0x08007ccc                sprintf
 .text.strcpy   0x08007d14       0x10 c:/program files (x86)/atollic/truestudio for stm32 9.3.0/armtools/bin/../lib/gcc/arm-atollic-eabi/6.3.1/../../../../arm-atollic-eabi/lib/armv7e-m/fpu\libc.a(lib_a-strcpy.o)
                0x08007d14                strcpy
 .text._strtol_l.isra.0
                0x08007d24      0x100 c:/program files (x86)/atollic/truestudio for stm32 9.3.0/armtools/bin/../lib/gcc/arm-atollic-eabi/6.3.1/../../../../arm-atollic-eabi/lib/armv7e-m/fpu\libc.a(lib_a-strtol.o)
 .text.strtol   0x08007e24       0x2c c:/program files (x86)/atollic/truestudio for stm32 9.3.0/armtools/bin/../lib/gcc/arm-atollic-eabi/6.3.1/../../../../arm-atollic-eabi/lib/armv7e-m/fpu\libc.a(lib_a-strtol.o)
                0x08007e24                strtol
 .text._svfprintf_r
                0x08007e50      0xfa8 c:/program files (x86)/atollic/truestudio for stm32 9.3.0/armtools/bin/../lib/gcc/arm-atollic-eabi/6.3.1/../../../../arm-atollic-eabi/lib/armv7e-m/fpu\libc.a(lib_a-svfprintf.o)
                0x08007e50                _svfprintf_r
 .text._vfprintf_r
                0x08008df8     0x1078 c:/program files (x86)/atollic/truestudio for stm32 9.3.0/armtools/bin/../lib/gcc/arm-atollic-eabi/6.3.1/../../../../arm-atollic-eabi/lib/armv7e-m/fpu\libc.a(lib_a-vfprintf.o)
                0x08008df8                _vfprintf_r
 .text.__sbprintf
                0x08009e70       0x80 c:/program files (x86)/atollic/truestudio for stm32 9.3.0/armtools/bin/../lib/gcc/arm-atollic-eabi/6.3.1/../../../../arm-atollic-eabi/lib/armv7e-m/fpu\libc.a(lib_a-vfprintf.o)
 .text.__swsetup_r
                0x08009ef0       0xdc c:/program files (x86)/atollic/truestudio for stm32 9.3.0/armtools/bin/../lib/gcc/arm-atollic-eabi/6.3.1/../../../../arm-atollic-eabi/lib/armv7e-m/fpu\libc.a(lib_a-wsetup.o)
                0x08009ef0                __swsetup_r
 .text.quorem   0x08009fcc      0x118 c:/program files (x86)/atollic/truestudio for stm32 9.3.0/armtools/bin/../lib/gcc/arm-atollic-eabi/6.3.1/../../../../arm-atollic-eabi/lib/armv7e-m/fpu\libc.a(lib_a-dtoa.o)
 *fill*         0x0800a0e4        0x4 
 .text._dtoa_r  0x0800a0e8      0xb9c c:/program files (x86)/atollic/truestudio for stm32 9.3.0/armtools/bin/../lib/gcc/arm-atollic-eabi/6.3.1/../../../../arm-atollic-eabi/lib/armv7e-m/fpu\libc.a(lib_a-dtoa.o)
                0x0800a0e8                _dtoa_r
 .text.__sflush_r
                0x0800ac84      0x124 c:/program files (x86)/atollic/truestudio for stm32 9.3.0/armtools/bin/../lib/gcc/arm-atollic-eabi/6.3.1/../../../../arm-atollic-eabi/lib/armv7e-m/fpu\libc.a(lib_a-fflush.o)
                0x0800ac84                __sflush_r
 .text._fflush_r
                0x0800ada8       0x78 c:/program files (x86)/atollic/truestudio for stm32 9.3.0/armtools/bin/../lib/gcc/arm-atollic-eabi/6.3.1/../../../../arm-atollic-eabi/lib/armv7e-m/fpu\libc.a(lib_a-fflush.o)
                0x0800ada8                _fflush_r
 .text._cleanup_r
                0x0800ae20        0xc c:/program files (x86)/atollic/truestudio for stm32 9.3.0/armtools/bin/../lib/gcc/arm-atollic-eabi/6.3.1/../../../../arm-atollic-eabi/lib/armv7e-m/fpu\libc.a(lib_a-findfp.o)
                0x0800ae20                _cleanup_r
 .text.std.isra.0
                0x0800ae2c       0x48 c:/program files (x86)/atollic/truestudio for stm32 9.3.0/armtools/bin/../lib/gcc/arm-atollic-eabi/6.3.1/../../../../arm-atollic-eabi/lib/armv7e-m/fpu\libc.a(lib_a-findfp.o)
 .text.__sfmoreglue
                0x0800ae74       0x2c c:/program files (x86)/atollic/truestudio for stm32 9.3.0/armtools/bin/../lib/gcc/arm-atollic-eabi/6.3.1/../../../../arm-atollic-eabi/lib/armv7e-m/fpu\libc.a(lib_a-findfp.o)
                0x0800ae74                __sfmoreglue
 .text.__sfp_lock_acquire
                0x0800aea0        0xc c:/program files (x86)/atollic/truestudio for stm32 9.3.0/armtools/bin/../lib/gcc/arm-atollic-eabi/6.3.1/../../../../arm-atollic-eabi/lib/armv7e-m/fpu\libc.a(lib_a-findfp.o)
                0x0800aea0                __sfp_lock_acquire
 .text.__sfp_lock_release
                0x0800aeac        0xc c:/program files (x86)/atollic/truestudio for stm32 9.3.0/armtools/bin/../lib/gcc/arm-atollic-eabi/6.3.1/../../../../arm-atollic-eabi/lib/armv7e-m/fpu\libc.a(lib_a-findfp.o)
                0x0800aeac                __sfp_lock_release
 .text.__sinit_lock_acquire
                0x0800aeb8        0xc c:/program files (x86)/atollic/truestudio for stm32 9.3.0/armtools/bin/../lib/gcc/arm-atollic-eabi/6.3.1/../../../../arm-atollic-eabi/lib/armv7e-m/fpu\libc.a(lib_a-findfp.o)
                0x0800aeb8                __sinit_lock_acquire
 .text.__sinit_lock_release
                0x0800aec4        0xc c:/program files (x86)/atollic/truestudio for stm32 9.3.0/armtools/bin/../lib/gcc/arm-atollic-eabi/6.3.1/../../../../arm-atollic-eabi/lib/armv7e-m/fpu\libc.a(lib_a-findfp.o)
                0x0800aec4                __sinit_lock_release
 .text.__sinit  0x0800aed0       0x74 c:/program files (x86)/atollic/truestudio for stm32 9.3.0/armtools/bin/../lib/gcc/arm-atollic-eabi/6.3.1/../../../../arm-atollic-eabi/lib/armv7e-m/fpu\libc.a(lib_a-findfp.o)
                0x0800aed0                __sinit
 .text.__sfp    0x0800af44       0x8c c:/program files (x86)/atollic/truestudio for stm32 9.3.0/armtools/bin/../lib/gcc/arm-atollic-eabi/6.3.1/../../../../arm-atollic-eabi/lib/armv7e-m/fpu\libc.a(lib_a-findfp.o)
                0x0800af44                __sfp
 .text._malloc_trim_r
                0x0800afd0       0xac c:/program files (x86)/atollic/truestudio for stm32 9.3.0/armtools/bin/../lib/gcc/arm-atollic-eabi/6.3.1/../../../../arm-atollic-eabi/lib/armv7e-m/fpu\libc.a(lib_a-freer.o)
                0x0800afd0                _malloc_trim_r
 .text._free_r  0x0800b07c      0x178 c:/program files (x86)/atollic/truestudio for stm32 9.3.0/armtools/bin/../lib/gcc/arm-atollic-eabi/6.3.1/../../../../arm-atollic-eabi/lib/armv7e-m/fpu\libc.a(lib_a-freer.o)
                0x0800b07c                _free_r
 .text.__sfvwrite_r
                0x0800b1f4      0x29c c:/program files (x86)/atollic/truestudio for stm32 9.3.0/armtools/bin/../lib/gcc/arm-atollic-eabi/6.3.1/../../../../arm-atollic-eabi/lib/armv7e-m/fpu\libc.a(lib_a-fvwrite.o)
                0x0800b1f4                __sfvwrite_r
 .text._fwalk_reent
                0x0800b490       0x3c c:/program files (x86)/atollic/truestudio for stm32 9.3.0/armtools/bin/../lib/gcc/arm-atollic-eabi/6.3.1/../../../../arm-atollic-eabi/lib/armv7e-m/fpu\libc.a(lib_a-fwalk.o)
                0x0800b490                _fwalk_reent
 .text.__locale_mb_cur_max
                0x0800b4cc       0x1c c:/program files (x86)/atollic/truestudio for stm32 9.3.0/armtools/bin/../lib/gcc/arm-atollic-eabi/6.3.1/../../../../arm-atollic-eabi/lib/armv7e-m/fpu\libc.a(lib_a-locale.o)
                0x0800b4cc                __locale_mb_cur_max
 .text.__locale_ctype_ptr_l
                0x0800b4e8        0x6 c:/program files (x86)/atollic/truestudio for stm32 9.3.0/armtools/bin/../lib/gcc/arm-atollic-eabi/6.3.1/../../../../arm-atollic-eabi/lib/armv7e-m/fpu\libc.a(lib_a-locale.o)
                0x0800b4e8                __locale_ctype_ptr_l
 *fill*         0x0800b4ee        0x2 
 .text._localeconv_r
                0x0800b4f0       0x1c c:/program files (x86)/atollic/truestudio for stm32 9.3.0/armtools/bin/../lib/gcc/arm-atollic-eabi/6.3.1/../../../../arm-atollic-eabi/lib/armv7e-m/fpu\libc.a(lib_a-localeconv.o)
                0x0800b4f0                _localeconv_r
 .text.__retarget_lock_init_recursive
                0x0800b50c        0x2 c:/program files (x86)/atollic/truestudio for stm32 9.3.0/armtools/bin/../lib/gcc/arm-atollic-eabi/6.3.1/../../../../arm-atollic-eabi/lib/armv7e-m/fpu\libc.a(lib_a-lock.o)
                0x0800b50c                __retarget_lock_init_recursive
 .text.__retarget_lock_close_recursive
                0x0800b50e        0x2 c:/program files (x86)/atollic/truestudio for stm32 9.3.0/armtools/bin/../lib/gcc/arm-atollic-eabi/6.3.1/../../../../arm-atollic-eabi/lib/armv7e-m/fpu\libc.a(lib_a-lock.o)
                0x0800b50e                __retarget_lock_close_recursive
 .text.__retarget_lock_acquire_recursive
                0x0800b510        0x2 c:/program files (x86)/atollic/truestudio for stm32 9.3.0/armtools/bin/../lib/gcc/arm-atollic-eabi/6.3.1/../../../../arm-atollic-eabi/lib/armv7e-m/fpu\libc.a(lib_a-lock.o)
                0x0800b510                __retarget_lock_acquire_recursive
 .text.__retarget_lock_release_recursive
                0x0800b512        0x2 c:/program files (x86)/atollic/truestudio for stm32 9.3.0/armtools/bin/../lib/gcc/arm-atollic-eabi/6.3.1/../../../../arm-atollic-eabi/lib/armv7e-m/fpu\libc.a(lib_a-lock.o)
                0x0800b512                __retarget_lock_release_recursive
 .text.__swhatbuf_r
                0x0800b514       0x56 c:/program files (x86)/atollic/truestudio for stm32 9.3.0/armtools/bin/../lib/gcc/arm-atollic-eabi/6.3.1/../../../../arm-atollic-eabi/lib/armv7e-m/fpu\libc.a(lib_a-makebuf.o)
                0x0800b514                __swhatbuf_r
 *fill*         0x0800b56a        0x2 
 .text.__smakebuf_r
                0x0800b56c       0x80 c:/program files (x86)/atollic/truestudio for stm32 9.3.0/armtools/bin/../lib/gcc/arm-atollic-eabi/6.3.1/../../../../arm-atollic-eabi/lib/armv7e-m/fpu\libc.a(lib_a-makebuf.o)
                0x0800b56c                __smakebuf_r
 .text.__ascii_mbtowc
                0x0800b5ec       0x24 c:/program files (x86)/atollic/truestudio for stm32 9.3.0/armtools/bin/../lib/gcc/arm-atollic-eabi/6.3.1/../../../../arm-atollic-eabi/lib/armv7e-m/fpu\libc.a(lib_a-mbtowc_r.o)
                0x0800b5ec                __ascii_mbtowc
 .text.memmove  0x0800b610       0x34 c:/program files (x86)/atollic/truestudio for stm32 9.3.0/armtools/bin/../lib/gcc/arm-atollic-eabi/6.3.1/../../../../arm-atollic-eabi/lib/armv7e-m/fpu\libc.a(lib_a-memmove.o)
                0x0800b610                memmove
 .text._Balloc  0x0800b644       0x68 c:/program files (x86)/atollic/truestudio for stm32 9.3.0/armtools/bin/../lib/gcc/arm-atollic-eabi/6.3.1/../../../../arm-atollic-eabi/lib/armv7e-m/fpu\libc.a(lib_a-mprec.o)
                0x0800b644                _Balloc
 .text._Bfree   0x0800b6ac       0x2e c:/program files (x86)/atollic/truestudio for stm32 9.3.0/armtools/bin/../lib/gcc/arm-atollic-eabi/6.3.1/../../../../arm-atollic-eabi/lib/armv7e-m/fpu\libc.a(lib_a-mprec.o)
                0x0800b6ac                _Bfree
 .text.__multadd
                0x0800b6da       0x76 c:/program files (x86)/atollic/truestudio for stm32 9.3.0/armtools/bin/../lib/gcc/arm-atollic-eabi/6.3.1/../../../../arm-atollic-eabi/lib/armv7e-m/fpu\libc.a(lib_a-mprec.o)
                0x0800b6da                __multadd
 .text.__hi0bits
                0x0800b750       0x3e c:/program files (x86)/atollic/truestudio for stm32 9.3.0/armtools/bin/../lib/gcc/arm-atollic-eabi/6.3.1/../../../../arm-atollic-eabi/lib/armv7e-m/fpu\libc.a(lib_a-mprec.o)
                0x0800b750                __hi0bits
 .text.__lo0bits
                0x0800b78e       0x5e c:/program files (x86)/atollic/truestudio for stm32 9.3.0/armtools/bin/../lib/gcc/arm-atollic-eabi/6.3.1/../../../../arm-atollic-eabi/lib/armv7e-m/fpu\libc.a(lib_a-mprec.o)
                0x0800b78e                __lo0bits
 .text.__i2b    0x0800b7ec       0x12 c:/program files (x86)/atollic/truestudio for stm32 9.3.0/armtools/bin/../lib/gcc/arm-atollic-eabi/6.3.1/../../../../arm-atollic-eabi/lib/armv7e-m/fpu\libc.a(lib_a-mprec.o)
                0x0800b7ec                __i2b
 .text.__multiply
                0x0800b7fe      0x11a c:/program files (x86)/atollic/truestudio for stm32 9.3.0/armtools/bin/../lib/gcc/arm-atollic-eabi/6.3.1/../../../../arm-atollic-eabi/lib/armv7e-m/fpu\libc.a(lib_a-mprec.o)
                0x0800b7fe                __multiply
 .text.__pow5mult
                0x0800b918       0x9c c:/program files (x86)/atollic/truestudio for stm32 9.3.0/armtools/bin/../lib/gcc/arm-atollic-eabi/6.3.1/../../../../arm-atollic-eabi/lib/armv7e-m/fpu\libc.a(lib_a-mprec.o)
                0x0800b918                __pow5mult
 .text.__lshift
                0x0800b9b4       0xa2 c:/program files (x86)/atollic/truestudio for stm32 9.3.0/armtools/bin/../lib/gcc/arm-atollic-eabi/6.3.1/../../../../arm-atollic-eabi/lib/armv7e-m/fpu\libc.a(lib_a-mprec.o)
                0x0800b9b4                __lshift
 .text.__mcmp   0x0800ba56       0x34 c:/program files (x86)/atollic/truestudio for stm32 9.3.0/armtools/bin/../lib/gcc/arm-atollic-eabi/6.3.1/../../../../arm-atollic-eabi/lib/armv7e-m/fpu\libc.a(lib_a-mprec.o)
                0x0800ba56                __mcmp
 .text.__mdiff  0x0800ba8a       0xbc c:/program files (x86)/atollic/truestudio for stm32 9.3.0/armtools/bin/../lib/gcc/arm-atollic-eabi/6.3.1/../../../../arm-atollic-eabi/lib/armv7e-m/fpu\libc.a(lib_a-mprec.o)
                0x0800ba8a                __mdiff
 .text.__d2b    0x0800bb46       0x9e c:/program files (x86)/atollic/truestudio for stm32 9.3.0/armtools/bin/../lib/gcc/arm-atollic-eabi/6.3.1/../../../../arm-atollic-eabi/lib/armv7e-m/fpu\libc.a(lib_a-mprec.o)
                0x0800bb46                __d2b
 .text._realloc_r
                0x0800bbe4      0x300 c:/program files (x86)/atollic/truestudio for stm32 9.3.0/armtools/bin/../lib/gcc/arm-atollic-eabi/6.3.1/../../../../arm-atollic-eabi/lib/armv7e-m/fpu\libc.a(lib_a-reallocr.o)
                0x0800bbe4                _realloc_r
 .text.__sread  0x0800bee4       0x22 c:/program files (x86)/atollic/truestudio for stm32 9.3.0/armtools/bin/../lib/gcc/arm-atollic-eabi/6.3.1/../../../../arm-atollic-eabi/lib/armv7e-m/fpu\libc.a(lib_a-stdio.o)
                0x0800bee4                __sread
 .text.__swrite
                0x0800bf06       0x38 c:/program files (x86)/atollic/truestudio for stm32 9.3.0/armtools/bin/../lib/gcc/arm-atollic-eabi/6.3.1/../../../../arm-atollic-eabi/lib/armv7e-m/fpu\libc.a(lib_a-stdio.o)
                0x0800bf06                __swrite
 .text.__sseek  0x0800bf3e       0x24 c:/program files (x86)/atollic/truestudio for stm32 9.3.0/armtools/bin/../lib/gcc/arm-atollic-eabi/6.3.1/../../../../arm-atollic-eabi/lib/armv7e-m/fpu\libc.a(lib_a-stdio.o)
                0x0800bf3e                __sseek
 .text.__sclose
                0x0800bf62        0x8 c:/program files (x86)/atollic/truestudio for stm32 9.3.0/armtools/bin/../lib/gcc/arm-atollic-eabi/6.3.1/../../../../arm-atollic-eabi/lib/armv7e-m/fpu\libc.a(lib_a-stdio.o)
                0x0800bf62                __sclose
 .text.__ssprint_r
                0x0800bf6a       0xf4 c:/program files (x86)/atollic/truestudio for stm32 9.3.0/armtools/bin/../lib/gcc/arm-atollic-eabi/6.3.1/../../../../arm-atollic-eabi/lib/armv7e-m/fpu\libc.a(lib_a-svfiprintf.o)
                0x0800bf6a                __ssprint_r
 .text.__sprint_r
                0x0800c05e       0x6a c:/program files (x86)/atollic/truestudio for stm32 9.3.0/armtools/bin/../lib/gcc/arm-atollic-eabi/6.3.1/../../../../arm-atollic-eabi/lib/armv7e-m/fpu\libc.a(lib_a-vfiprintf.o)
                0x0800c05e                __sprint_r
 .text.__ascii_wctomb
                0x0800c0c8       0x1a c:/program files (x86)/atollic/truestudio for stm32 9.3.0/armtools/bin/../lib/gcc/arm-atollic-eabi/6.3.1/../../../../arm-atollic-eabi/lib/armv7e-m/fpu\libc.a(lib_a-wctomb_r.o)
                0x0800c0c8                __ascii_wctomb
 *fill*         0x0800c0e2        0x2 
 .text._write_r
                0x0800c0e4       0x24 c:/program files (x86)/atollic/truestudio for stm32 9.3.0/armtools/bin/../lib/gcc/arm-atollic-eabi/6.3.1/../../../../arm-atollic-eabi/lib/armv7e-m/fpu\libc.a(lib_a-writer.o)
                0x0800c0e4                _write_r
 .text._calloc_r
                0x0800c108       0x5a c:/program files (x86)/atollic/truestudio for stm32 9.3.0/armtools/bin/../lib/gcc/arm-atollic-eabi/6.3.1/../../../../arm-atollic-eabi/lib/armv7e-m/fpu\libc.a(lib_a-callocr.o)
                0x0800c108                _calloc_r
 *fill*         0x0800c162        0x2 
 .text._close_r
                0x0800c164       0x20 c:/program files (x86)/atollic/truestudio for stm32 9.3.0/armtools/bin/../lib/gcc/arm-atollic-eabi/6.3.1/../../../../arm-atollic-eabi/lib/armv7e-m/fpu\libc.a(lib_a-closer.o)
                0x0800c164                _close_r
 .text._fclose_r
                0x0800c184       0xd8 c:/program files (x86)/atollic/truestudio for stm32 9.3.0/armtools/bin/../lib/gcc/arm-atollic-eabi/6.3.1/../../../../arm-atollic-eabi/lib/armv7e-m/fpu\libc.a(lib_a-fclose.o)
                0x0800c184                _fclose_r
 .text.__fputwc
                0x0800c25c       0x82 c:/program files (x86)/atollic/truestudio for stm32 9.3.0/armtools/bin/../lib/gcc/arm-atollic-eabi/6.3.1/../../../../arm-atollic-eabi/lib/armv7e-m/fpu\libc.a(lib_a-fputwc.o)
                0x0800c25c                __fputwc
 .text._fputwc_r
                0x0800c2de       0x52 c:/program files (x86)/atollic/truestudio for stm32 9.3.0/armtools/bin/../lib/gcc/arm-atollic-eabi/6.3.1/../../../../arm-atollic-eabi/lib/armv7e-m/fpu\libc.a(lib_a-fputwc.o)
                0x0800c2de                _fputwc_r
 .text._fstat_r
                0x0800c330       0x24 c:/program files (x86)/atollic/truestudio for stm32 9.3.0/armtools/bin/../lib/gcc/arm-atollic-eabi/6.3.1/../../../../arm-atollic-eabi/lib/armv7e-m/fpu\libc.a(lib_a-fstatr.o)
                0x0800c330                _fstat_r
 .text._isatty_r
                0x0800c354       0x20 c:/program files (x86)/atollic/truestudio for stm32 9.3.0/armtools/bin/../lib/gcc/arm-atollic-eabi/6.3.1/../../../../arm-atollic-eabi/lib/armv7e-m/fpu\libc.a(lib_a-isattyr.o)
                0x0800c354                _isatty_r
 .text._lseek_r
                0x0800c374       0x24 c:/program files (x86)/atollic/truestudio for stm32 9.3.0/armtools/bin/../lib/gcc/arm-atollic-eabi/6.3.1/../../../../arm-atollic-eabi/lib/armv7e-m/fpu\libc.a(lib_a-lseekr.o)
                0x0800c374                _lseek_r
 .text._read_r  0x0800c398       0x24 c:/program files (x86)/atollic/truestudio for stm32 9.3.0/armtools/bin/../lib/gcc/arm-atollic-eabi/6.3.1/../../../../arm-atollic-eabi/lib/armv7e-m/fpu\libc.a(lib_a-readr.o)
                0x0800c398                _read_r
 .text.__swbuf_r
                0x0800c3bc       0xbc c:/program files (x86)/atollic/truestudio for stm32 9.3.0/armtools/bin/../lib/gcc/arm-atollic-eabi/6.3.1/../../../../arm-atollic-eabi/lib/armv7e-m/fpu\libc.a(lib_a-wbuf.o)
                0x0800c3bc                __swbuf_r
 .text._wcrtomb_r
                0x0800c478       0x50 c:/program files (x86)/atollic/truestudio for stm32 9.3.0/armtools/bin/../lib/gcc/arm-atollic-eabi/6.3.1/../../../../arm-atollic-eabi/lib/armv7e-m/fpu\libc.a(lib_a-wcrtomb.o)
                0x0800c478                _wcrtomb_r
 *(.glue_7)
 .glue_7        0x0800c4c8        0x0 linker stubs
 *(.glue_7t)
 .glue_7t       0x0800c4c8        0x0 linker stubs
 *(.eh_frame)
 .eh_frame      0x0800c4c8        0x0 c:/program files (x86)/atollic/truestudio for stm32 9.3.0/armtools/bin/../lib/gcc/arm-atollic-eabi/6.3.1/armv7e-m/fpu/crtbegin.o
 *(.init)
 .init          0x0800c4c8        0x4 c:/program files (x86)/atollic/truestudio for stm32 9.3.0/armtools/bin/../lib/gcc/arm-atollic-eabi/6.3.1/armv7e-m/fpu/crti.o
                0x0800c4c8                _init
 .init          0x0800c4cc        0x8 c:/program files (x86)/atollic/truestudio for stm32 9.3.0/armtools/bin/../lib/gcc/arm-atollic-eabi/6.3.1/armv7e-m/fpu/crtn.o
 *(.fini)
 .fini          0x0800c4d4        0x4 c:/program files (x86)/atollic/truestudio for stm32 9.3.0/armtools/bin/../lib/gcc/arm-atollic-eabi/6.3.1/armv7e-m/fpu/crti.o
                0x0800c4d4                _fini
 .fini          0x0800c4d8        0x8 c:/program files (x86)/atollic/truestudio for stm32 9.3.0/armtools/bin/../lib/gcc/arm-atollic-eabi/6.3.1/armv7e-m/fpu/crtn.o
                0x0800c4e0                . = ALIGN (0x4)
                0x0800c4e0                _etext = .

.vfp11_veneer   0x0800c4e0        0x0
 .vfp11_veneer  0x0800c4e0        0x0 linker stubs

.v4_bx          0x0800c4e0        0x0
 .v4_bx         0x0800c4e0        0x0 linker stubs

.iplt           0x0800c4e0        0x0
 .iplt          0x0800c4e0        0x0 c:/program files (x86)/atollic/truestudio for stm32 9.3.0/armtools/bin/../lib/gcc/arm-atollic-eabi/6.3.1/armv7e-m/fpu/crtbegin.o

.rodata         0x0800c4e0      0xff8
                0x0800c4e0                . = ALIGN (0x4)
 *(.rodata)
 .rodata        0x0800c4e0       0x50 Source\main.o
 *(.rodata*)
 .rodata.CSWTCH.51
                0x0800c530        0x4 Drivers\STM32L4xx_HAL_Driver\Src\stm32l4xx_hal_uart.o
 .rodata.CSWTCH.52
                0x0800c534        0xd Drivers\STM32L4xx_HAL_Driver\Src\stm32l4xx_hal_uart.o
 .rodata.vTaskStartScheduler.str1.1
                0x0800c541        0x5 Middlewares\Third_Party\FreeRTOS\Source\tasks.o
 .rodata.Flash_Init.str1.1
                0x0800c546       0x1b Source\Device\Flash\Flash.o
 .rodata.W25Q64JVS_CheckConnection.str1.1
                0x0800c561       0x3d Source\Device\Flash\W25Q64JVS.o
 .rodata.Lora_Init.str1.1
                0x0800c59e       0x1b Source\Device\Lora\Lora.o
 .rodata.Lora_Transmit.str1.1
                0x0800c5b9       0x5b Source\Device\Lora\Lora.o
 .rodata.SX1278_Frequency
                0x0800c614        0x3 Source\Device\Lora\SX1278.o
 .rodata.SX1278_LoRaBandwidth
                0x0800c617        0xa Source\Device\Lora\SX1278.o
 .rodata.SX1278_Power
                0x0800c621        0x4 Source\Device\Lora\SX1278.o
 .rodata.SX1278_SpreadFactor
                0x0800c625        0x7 Source\Device\Lora\SX1278.o
 .rodata.ADC_Init.str1.1
                0x0800c62c       0x36 Source\Interface\ADC.o
 .rodata.ADC_ReadValue.str1.1
                0x0800c662       0x48 Source\Interface\ADC.o
 .rodata.ADC_SetChannel.str1.1
                0x0800c6aa       0x1e Source\Interface\ADC.o
 .rodata.SPI_Init.str1.1
                0x0800c6c8       0x26 Source\Interface\SPI.o
 .rodata.SPI_ReadByte.str1.1
                0x0800c6ee       0x1e Source\Interface\SPI.o
 .rodata.SPI_WriteByte.str1.1
                0x0800c70c       0x1e Source\Interface\SPI.o
 .rodata.Message_Process.str1.1
                0x0800c72a      0x1b9 Source\Message\Message.o
 .rodata.Message_SendData_Sensor.str1.1
                0x0800c8e3       0x52 Source\Message\Message.o
 .rodata.Parse_setMsgData.str1.1
                0x0800c935       0x16 Source\Message\Parse.o
 .rodata.SS_EC_Read.str1.1
                0x0800c94b       0x20 Source\Sensor\SS_EC.o
 .rodata.SS_PH_Read.str1.1
                0x0800c96b       0x34 Source\Sensor\SS_PH.o
 .rodata.LoraTask.str1.1
                0x0800c99f       0x1a Source\Task\LoraTask.o
 .rodata.OTATask.str1.1
                0x0800c9b9       0xd7 Source\Task\OTATask.o
 .rodata.ProcessTask.str1.1
                0x0800ca90       0x79 Source\Task\ProcessTask.o
 .rodata.ProcessTask_sendData_Callback.str1.1
                0x0800cb09       0x31 Source\Task\ProcessTask.o
 .rodata.SensorTask.str1.1
                0x0800cb3a      0x2e2 Source\Task\SensorTask.o
 .rodata.SensorTask_SS_Power_Control.str1.1
                0x0800ce1c        0x6 Source\Task\SensorTask.o
 .rodata.fileData_ReadAll.str1.1
                0x0800ce22      0x1f1 Source\fileData.o
 .rodata.fileData_WriteAll.str1.1
                0x0800d013       0x1e Source\fileData.o
 .rodata.SystemClock_Config.str1.1
                0x0800d031       0xa4 Source\main.o
 .rodata.main.str1.1
                0x0800d0d5       0xa1 Source\main.o
 .rodata.str1.1
                0x0800d176       0x28 Source\main.o
 .rodata.AHBPrescTable
                0x0800d19e       0x10 Source\system_stm32l4xx.o
                0x0800d19e                AHBPrescTable
 .rodata.APBPrescTable
                0x0800d1ae        0x8 Source\system_stm32l4xx.o
                0x0800d1ae                APBPrescTable
 *fill*         0x0800d1b6        0x2 
 .rodata.MSIRangeTable
                0x0800d1b8       0x30 Source\system_stm32l4xx.o
                0x0800d1b8                MSIRangeTable
 .rodata._global_impure_ptr
                0x0800d1e8        0x4 c:/program files (x86)/atollic/truestudio for stm32 9.3.0/armtools/bin/../lib/gcc/arm-atollic-eabi/6.3.1/../../../../arm-atollic-eabi/lib/armv7e-m/fpu\libc.a(lib_a-impure.o)
                0x0800d1e8                _global_impure_ptr
 .rodata._puts_r.str1.1
                0x0800d1ec       0x28 c:/program files (x86)/atollic/truestudio for stm32 9.3.0/armtools/bin/../lib/gcc/arm-atollic-eabi/6.3.1/../../../../arm-atollic-eabi/lib/armv7e-m/fpu\libc.a(lib_a-puts.o)
                                  0x2 (size before relaxing)
 .rodata._svfprintf_r.str1.1
                0x0800d1ec       0x34 c:/program files (x86)/atollic/truestudio for stm32 9.3.0/armtools/bin/../lib/gcc/arm-atollic-eabi/6.3.1/../../../../arm-atollic-eabi/lib/armv7e-m/fpu\libc.a(lib_a-svfprintf.o)
 .rodata.blanks.8359
                0x0800d220       0x10 c:/program files (x86)/atollic/truestudio for stm32 9.3.0/armtools/bin/../lib/gcc/arm-atollic-eabi/6.3.1/../../../../arm-atollic-eabi/lib/armv7e-m/fpu\libc.a(lib_a-svfprintf.o)
 .rodata.zeroes.8360
                0x0800d230       0x10 c:/program files (x86)/atollic/truestudio for stm32 9.3.0/armtools/bin/../lib/gcc/arm-atollic-eabi/6.3.1/../../../../arm-atollic-eabi/lib/armv7e-m/fpu\libc.a(lib_a-svfprintf.o)
 .rodata._vfprintf_r.str1.1
                0x0800d240       0x34 c:/program files (x86)/atollic/truestudio for stm32 9.3.0/armtools/bin/../lib/gcc/arm-atollic-eabi/6.3.1/../../../../arm-atollic-eabi/lib/armv7e-m/fpu\libc.a(lib_a-vfprintf.o)
 .rodata.blanks.8374
                0x0800d240       0x10 c:/program files (x86)/atollic/truestudio for stm32 9.3.0/armtools/bin/../lib/gcc/arm-atollic-eabi/6.3.1/../../../../arm-atollic-eabi/lib/armv7e-m/fpu\libc.a(lib_a-vfprintf.o)
 .rodata.zeroes.8375
                0x0800d250       0x10 c:/program files (x86)/atollic/truestudio for stm32 9.3.0/armtools/bin/../lib/gcc/arm-atollic-eabi/6.3.1/../../../../arm-atollic-eabi/lib/armv7e-m/fpu\libc.a(lib_a-vfprintf.o)
 .rodata._dtoa_r.str1.1
                0x0800d260        0xd c:/program files (x86)/atollic/truestudio for stm32 9.3.0/armtools/bin/../lib/gcc/arm-atollic-eabi/6.3.1/../../../../arm-atollic-eabi/lib/armv7e-m/fpu\libc.a(lib_a-dtoa.o)
                                  0xf (size before relaxing)
 *fill*         0x0800d26d        0x3 
 .rodata.__sf_fake_stderr
                0x0800d270       0x20 c:/program files (x86)/atollic/truestudio for stm32 9.3.0/armtools/bin/../lib/gcc/arm-atollic-eabi/6.3.1/../../../../arm-atollic-eabi/lib/armv7e-m/fpu\libc.a(lib_a-findfp.o)
                0x0800d270                __sf_fake_stderr
 .rodata.__sf_fake_stdin
                0x0800d290       0x20 c:/program files (x86)/atollic/truestudio for stm32 9.3.0/armtools/bin/../lib/gcc/arm-atollic-eabi/6.3.1/../../../../arm-atollic-eabi/lib/armv7e-m/fpu\libc.a(lib_a-findfp.o)
                0x0800d290                __sf_fake_stdin
 .rodata.__sf_fake_stdout
                0x0800d2b0       0x20 c:/program files (x86)/atollic/truestudio for stm32 9.3.0/armtools/bin/../lib/gcc/arm-atollic-eabi/6.3.1/../../../../arm-atollic-eabi/lib/armv7e-m/fpu\libc.a(lib_a-findfp.o)
                0x0800d2b0                __sf_fake_stdout
 .rodata._setlocale_r.str1.1
                0x0800d2d0        0x6 c:/program files (x86)/atollic/truestudio for stm32 9.3.0/armtools/bin/../lib/gcc/arm-atollic-eabi/6.3.1/../../../../arm-atollic-eabi/lib/armv7e-m/fpu\libc.a(lib_a-locale.o)
                                  0x9 (size before relaxing)
 .rodata.str1.1
                0x0800d2d6        0x2 c:/program files (x86)/atollic/truestudio for stm32 9.3.0/armtools/bin/../lib/gcc/arm-atollic-eabi/6.3.1/../../../../arm-atollic-eabi/lib/armv7e-m/fpu\libc.a(lib_a-locale.o)
 .rodata.__mprec_bigtens
                0x0800d2d8       0x28 c:/program files (x86)/atollic/truestudio for stm32 9.3.0/armtools/bin/../lib/gcc/arm-atollic-eabi/6.3.1/../../../../arm-atollic-eabi/lib/armv7e-m/fpu\libc.a(lib_a-mprec.o)
                0x0800d2d8                __mprec_bigtens
 .rodata.__mprec_tens
                0x0800d300       0xc8 c:/program files (x86)/atollic/truestudio for stm32 9.3.0/armtools/bin/../lib/gcc/arm-atollic-eabi/6.3.1/../../../../arm-atollic-eabi/lib/armv7e-m/fpu\libc.a(lib_a-mprec.o)
                0x0800d300                __mprec_tens
 .rodata.p05.7196
                0x0800d3c8        0xc c:/program files (x86)/atollic/truestudio for stm32 9.3.0/armtools/bin/../lib/gcc/arm-atollic-eabi/6.3.1/../../../../arm-atollic-eabi/lib/armv7e-m/fpu\libc.a(lib_a-mprec.o)
 .rodata._ctype_
                0x0800d3d4      0x101 c:/program files (x86)/atollic/truestudio for stm32 9.3.0/armtools/bin/../lib/gcc/arm-atollic-eabi/6.3.1/../../../../arm-atollic-eabi/lib/armv7e-m/fpu\libc.a(lib_a-ctype_.o)
                0x0800d3d4                _ctype_
                0x0800d4d8                . = ALIGN (0x4)
 *fill*         0x0800d4d5        0x3 

.ARM.extab
 *(.ARM.extab* .gnu.linkonce.armextab.*)

.ARM            0x0800d4d8        0x8
                0x0800d4d8                __exidx_start = .
 *(.ARM.exidx*)
 .ARM.exidx     0x0800d4d8        0x8 c:/program files (x86)/atollic/truestudio for stm32 9.3.0/armtools/bin/../lib/gcc/arm-atollic-eabi/6.3.1/armv7e-m/fpu\libgcc.a(_udivmoddi4.o)
                0x0800d4e0                __exidx_end = .

.rel.dyn        0x0800d4e0        0x0
 .rel.iplt      0x0800d4e0        0x0 c:/program files (x86)/atollic/truestudio for stm32 9.3.0/armtools/bin/../lib/gcc/arm-atollic-eabi/6.3.1/armv7e-m/fpu/crtbegin.o

.preinit_array  0x0800d4e0        0x0
                0x0800d4e0                PROVIDE (__preinit_array_start, .)
 *(.preinit_array*)
                0x0800d4e0                PROVIDE (__preinit_array_end, .)

.init_array     0x0800d4e0        0x4
                0x0800d4e0                PROVIDE (__init_array_start, .)
 *(SORT(.init_array.*))
 *(.init_array*)
 .init_array    0x0800d4e0        0x4 c:/program files (x86)/atollic/truestudio for stm32 9.3.0/armtools/bin/../lib/gcc/arm-atollic-eabi/6.3.1/armv7e-m/fpu/crtbegin.o
                0x0800d4e4                PROVIDE (__init_array_end, .)

.fini_array     0x0800d4e4        0x4
                [!provide]                PROVIDE (__fini_array_start, .)
 *(SORT(.fini_array.*))
 *(.fini_array*)
 .fini_array    0x0800d4e4        0x4 c:/program files (x86)/atollic/truestudio for stm32 9.3.0/armtools/bin/../lib/gcc/arm-atollic-eabi/6.3.1/armv7e-m/fpu/crtbegin.o
                [!provide]                PROVIDE (__fini_array_end, .)
                0x0800d4e8                _sidata = LOADADDR (.data)

.data           0x20000000      0x6cc load address 0x0800d4e8
                0x20000000                . = ALIGN (0x4)
                0x20000000                _sdata = .
 *(.data)
 *(.data*)
 .data.uxCriticalNesting
                0x20000000        0x4 Middlewares\Third_Party\FreeRTOS\Source\portable\GCC\ARM_CM4F\port.o
 .data.Cmd_Read_TH
                0x20000004        0x9 Source\Sensor\SS_THSoil.o
                0x20000004                Cmd_Read_TH
 *fill*         0x2000000d        0x3 
 .data.__fileData
                0x20000010       0x48 Source\fileData.o
                0x20000010                __fileData
 .data.SystemCoreClock
                0x20000058        0x4 Source\system_stm32l4xx.o
                0x20000058                SystemCoreClock
 .data._impure_ptr
                0x2000005c        0x4 c:/program files (x86)/atollic/truestudio for stm32 9.3.0/armtools/bin/../lib/gcc/arm-atollic-eabi/6.3.1/../../../../arm-atollic-eabi/lib/armv7e-m/fpu\libc.a(lib_a-impure.o)
                0x2000005c                _impure_ptr
 .data.impure_data
                0x20000060       0xf0 c:/program files (x86)/atollic/truestudio for stm32 9.3.0/armtools/bin/../lib/gcc/arm-atollic-eabi/6.3.1/../../../../arm-atollic-eabi/lib/armv7e-m/fpu\libc.a(lib_a-impure.o)
 .data.__malloc_av_
                0x20000150      0x408 c:/program files (x86)/atollic/truestudio for stm32 9.3.0/armtools/bin/../lib/gcc/arm-atollic-eabi/6.3.1/../../../../arm-atollic-eabi/lib/armv7e-m/fpu\libc.a(lib_a-mallocr.o)
                0x20000150                __malloc_av_
 .data.__malloc_sbrk_base
                0x20000558        0x4 c:/program files (x86)/atollic/truestudio for stm32 9.3.0/armtools/bin/../lib/gcc/arm-atollic-eabi/6.3.1/../../../../arm-atollic-eabi/lib/armv7e-m/fpu\libc.a(lib_a-mallocr.o)
                0x20000558                __malloc_sbrk_base
 .data.__malloc_trim_threshold
                0x2000055c        0x4 c:/program files (x86)/atollic/truestudio for stm32 9.3.0/armtools/bin/../lib/gcc/arm-atollic-eabi/6.3.1/../../../../arm-atollic-eabi/lib/armv7e-m/fpu\libc.a(lib_a-mallocr.o)
                0x2000055c                __malloc_trim_threshold
 .data.__global_locale
                0x20000560      0x16c c:/program files (x86)/atollic/truestudio for stm32 9.3.0/armtools/bin/../lib/gcc/arm-atollic-eabi/6.3.1/../../../../arm-atollic-eabi/lib/armv7e-m/fpu\libc.a(lib_a-locale.o)
                0x20000560                __global_locale
                0x200006cc                . = ALIGN (0x4)
                0x200006cc                _edata = .

.igot.plt       0x200006cc        0x0 load address 0x0800dbb4
 .igot.plt      0x200006cc        0x0 c:/program files (x86)/atollic/truestudio for stm32 9.3.0/armtools/bin/../lib/gcc/arm-atollic-eabi/6.3.1/armv7e-m/fpu/crtbegin.o
                0x200006cc                . = ALIGN (0x4)

.bss            0x200006cc     0x86b0 load address 0x0800dbb4
                0x200006cc                _sbss = .
                0x200006cc                __bss_start__ = _sbss
 *(.bss)
 .bss           0x200006cc       0x1c c:/program files (x86)/atollic/truestudio for stm32 9.3.0/armtools/bin/../lib/gcc/arm-atollic-eabi/6.3.1/armv7e-m/fpu/crtbegin.o
 *(.bss*)
 .bss.ucMaxSysCallPriority