SX1278.c:38:13:SX1278_HW_SetNSS.part.0	0	static
SX1278.c:48:13:SX1278_HW_Reset	8	static
SX1278.c:66:13:SX1278_Wait_SPIReady.constprop	16	static
SX1278.c:38:13:SX1278_HW_SetNSS.constprop	0	static
SX1278.c:133:13:SX1278_SPIBurstWrite.part.1	24	static
SX1278.c:97:13:SX1278_SPIWrite	16	static
SX1278.c:82:16:SX1278_SPIReadByte	16	static
SX1278.c:220:6:SX1278_Standby	8	static
SX1278.c:228:6:SX1278_Sleep	8	static
SX1278.c:236:6:SX1278_entryLoRa	0	static
SX1278.c:161:6:SX1278_defaultConfig	16	static
SX1278.c:208:6:SX1278_Init	8	static
SX1278.c:243:6:SX1278_ClearLoRaIrq	0	static
SX1278.c:250:6:SX1278_LoRaEntryRx	16	static
SX1278.c:290:10:SX1278_LoRaRxPacket	24	static
SX1278.c:316:6:SX1278_LoRaEntryTx	16	static
SX1278.c:354:6:SX1278_LoRaTxPacket	16	static
SX1278.c:381:6:SX1278_Transmit	24	static
SX1278.c:391:6:SX1278_Receive	24	static
SX1278.c:409:9:SX1278_RSSI_LoRa	8	static
SX1278.c:420:9:SX1278_RSSI	8	static
