fileData.c:195:13:fileData_Write_Reset	16	static
fileData.c:408:13:fileData_Write_Threshold_Component.constprop	40	static
fileData.c:426:13:fileData_Read_Threshold_Component.constprop	40	static
fileData.c:87:6:fileData_Init	0	static
fileData.c:238:6:fileData_Write_SensorCFG	16	static
fileData.c:249:6:fileData_Read_Sensor_CFG	16	static
fileData.c:260:6:fileData_Write_DataUT	16	static
fileData.c:270:6:fileData_Read_DataUT	16	static
fileData.c:280:6:fileData_Write_Threshold_TempA	0	static
fileData.c:287:6:fileData_Read_Threshold_TempA	0	static
fileData.c:296:6:fileData_Write_Threshold_HumiA	0	static
fileData.c:303:6:fileData_Read_Threshold_HumiA	0	static
fileData.c:312:6:fileData_Write_Threshold_TempS	0	static
fileData.c:319:6:fileData_Read_Threshold_TempS	0	static
fileData.c:328:6:fileData_Write_Threshold_HumiS	0	static
fileData.c:335:6:fileData_Read_Threshold_HumiS	0	static
fileData.c:344:6:fileData_Write_Threshold_PH	0	static
fileData.c:351:6:fileData_Read_Threshold_PH	0	static
fileData.c:360:6:fileData_Write_Threshold_EC	0	static
fileData.c:367:6:fileData_Read_Threshold_EC	0	static
fileData.c:376:6:fileData_Write_Threshold_Light	0	static
fileData.c:383:6:fileData_Read_Threshold_Light	0	static
fileData.c:392:6:fileData_Write_Threshold_CO2	0	static
fileData.c:175:6:fileData_WriteAll	16	static
fileData.c:399:6:fileData_Read_Threshold_CO2	0	static
fileData.c:100:6:fileData_ReadAll	40	static
